Archive member included to satisfy reference by file (symbol)

c:/program files/microchip/xc32/v4.21/bin/bin/../../lib/gcc/pic32c/8.3.1/../../../../pic32c/lib/arm/v5te/nofp\libpic32c.a(data_init_0_1.o)
                              (__copy_needed)
c:/program files/microchip/xc32/v4.21/bin/bin/../../lib/gcc/pic32c/8.3.1/arm/v5te/nofp\libgcc.a(_udivsi3.o)
                              build/lcdc_rgba8888_mxt_9x60_wvga/debug/_ext/51791817/gfx_canvas.o (__aeabi_uidiv)
c:/program files/microchip/xc32/v4.21/bin/bin/../../lib/gcc/pic32c/8.3.1/arm/v5te/nofp\libgcc.a(_divsi3.o)
                              build/lcdc_rgba8888_mxt_9x60_wvga/debug/_ext/1483321925/legato_math.o (__aeabi_idiv)
c:/program files/microchip/xc32/v4.21/bin/bin/../../lib/gcc/pic32c/8.3.1/arm/v5te/nofp\libgcc.a(_dvmd_tls.o)
                              c:/program files/microchip/xc32/v4.21/bin/bin/../../lib/gcc/pic32c/8.3.1/arm/v5te/nofp\libgcc.a(_udivsi3.o) (__aeabi_idiv0)
c:/program files/microchip/xc32/v4.21/bin/bin/../../lib/gcc/pic32c/8.3.1/arm/v5te/nofp\libgcc.a(_arm_addsubsf3.o)
                              build/lcdc_rgba8888_mxt_9x60_wvga/debug/_ext/1483321925/legato_math.o (__aeabi_fsub)
c:/program files/microchip/xc32/v4.21/bin/bin/../../lib/gcc/pic32c/8.3.1/arm/v5te/nofp\libgcc.a(_arm_muldivsf3.o)
                              build/lcdc_rgba8888_mxt_9x60_wvga/debug/_ext/95971993/gfx_driver.o (__aeabi_fmul)
c:/program files/microchip/xc32/v4.21/bin/bin/../../lib/gcc/pic32c/8.3.1/arm/v5te/nofp\libgcc.a(_arm_cmpsf2.o)
                              build/lcdc_rgba8888_mxt_9x60_wvga/debug/_ext/1483321925/legato_math.o (__aeabi_fcmplt)
c:/program files/microchip/xc32/v4.21/bin/bin/../../lib/gcc/pic32c/8.3.1/arm/v5te/nofp\libgcc.a(_arm_fixsfsi.o)
                              build/lcdc_rgba8888_mxt_9x60_wvga/debug/_ext/95971993/gfx_driver.o (__aeabi_f2iz)
c:/program files/microchip/xc32/v4.21/bin/bin/../../lib/gcc/pic32c/8.3.1/arm/v5te/nofp\libgcc.a(_arm_fixunssfsi.o)
                              build/lcdc_rgba8888_mxt_9x60_wvga/debug/_ext/95971993/gfx_driver.o (__aeabi_f2uiz)
c:/program files/microchip/xc32/v4.21/bin/bin/../../lib/gcc/pic32c/8.3.1/arm/v5te/nofp\libgcc.a(_aeabi_uldivmod.o)
                              build/lcdc_rgba8888_mxt_9x60_wvga/debug/_ext/1359593799/sys_time.o (__aeabi_uldivmod)
c:/program files/microchip/xc32/v4.21/bin/bin/../../lib/gcc/pic32c/8.3.1/arm/v5te/nofp\libgcc.a(_udivmoddi4.o)
                              c:/program files/microchip/xc32/v4.21/bin/bin/../../lib/gcc/pic32c/8.3.1/arm/v5te/nofp\libgcc.a(_aeabi_uldivmod.o) (__udivmoddi4)
c:/program files/microchip/xc32/v4.21/bin/bin/../../lib/gcc/pic32c/8.3.1/../../../../pic32c/lib/arm/v5te/nofp\libm-musl.a(atan.o)
                              build/lcdc_rgba8888_mxt_9x60_wvga/debug/_ext/1483321925/legato_math.o (atan)
c:/program files/microchip/xc32/v4.21/bin/bin/../../lib/gcc/pic32c/8.3.1/../../../../pic32c/lib/arm/v5te/nofp\libm-musl.a(fabs.o)
                              c:/program files/microchip/xc32/v4.21/bin/bin/../../lib/gcc/pic32c/8.3.1/../../../../pic32c/lib/arm/v5te/nofp\libm-musl.a(atan.o) (fabs)
c:/program files/microchip/xc32/v4.21/bin/bin/../../lib/gcc/pic32c/8.3.1/../../../../pic32c/lib/arm/v5te/nofp\libg-musl.a(__libc_start_main.o)
                              build/lcdc_rgba8888_mxt_9x60_wvga/debug/_ext/1455094228/cstartup.o (__libc_init_array)
c:/program files/microchip/xc32/v4.21/bin/bin/../../lib/gcc/pic32c/8.3.1/../../../../pic32c/lib/arm/v5te/nofp\libg-musl.a(libc.o)
                              c:/program files/microchip/xc32/v4.21/bin/bin/../../lib/gcc/pic32c/8.3.1/../../../../pic32c/lib/arm/v5te/nofp\libg-musl.a(__libc_start_main.o) (__progname_full)
c:/program files/microchip/xc32/v4.21/bin/bin/../../lib/gcc/pic32c/8.3.1/../../../../pic32c/lib/arm/v5te/nofp\libg-musl.a(__sio_printf_dosux.o)
                              (_printf_cdnopsuxX)
c:/program files/microchip/xc32/v4.21/bin/bin/../../lib/gcc/pic32c/8.3.1/../../../../pic32c/lib/arm/v5te/nofp\libg-musl.a(__sio_sprintf_dosux.o)
                              (_sprintf_cdnopsuxX)
c:/program files/microchip/xc32/v4.21/bin/bin/../../lib/gcc/pic32c/8.3.1/../../../../pic32c/lib/arm/v5te/nofp\libg-musl.a(__sio_sscanf_dosux.o)
                              (_sscanf_cdnopsuxX)
c:/program files/microchip/xc32/v4.21/bin/bin/../../lib/gcc/pic32c/8.3.1/../../../../pic32c/lib/arm/v5te/nofp\libg-musl.a(__fmt_d.o)
                              c:/program files/microchip/xc32/v4.21/bin/bin/../../lib/gcc/pic32c/8.3.1/../../../../pic32c/lib/arm/v5te/nofp\libg-musl.a(__sio_printf_dosux.o) (__fmt_d_needed)
c:/program files/microchip/xc32/v4.21/bin/bin/../../lib/gcc/pic32c/8.3.1/../../../../pic32c/lib/arm/v5te/nofp\libg-musl.a(__fmt_o.o)
                              c:/program files/microchip/xc32/v4.21/bin/bin/../../lib/gcc/pic32c/8.3.1/../../../../pic32c/lib/arm/v5te/nofp\libg-musl.a(__sio_printf_dosux.o) (__fmt_o_needed)
[...]
Memory Configuration

Name             Origin             Length             Attributes
sram             0x00300000         0x00010000         xw
ram              0x21000000         0x0f000000         xwl !r
ram_nocache      0x20000000         0x01000000         !xrw
rom              0x00000000         0x00000000         xrl
*default*        0x00000000         0xffffffff

Linker script and memory map

LOAD c:/program files/microchip/xc32/v4.21/bin/bin/../../lib/gcc/pic32c/8.3.1/arm/v5te/nofp/crti.o
LOAD c:/program files/microchip/xc32/v4.21/bin/bin/../../lib/gcc/pic32c/8.3.1/arm/v5te/nofp/crtbegin.o
LOAD build/lcdc_rgba8888_mxt_9x60_wvga/debug/_ext/710462340/bsp.o
LOAD build/lcdc_rgba8888_mxt_9x60_wvga/debug/_ext/205529507/drv_i2c.o
LOAD build/lcdc_rgba8888_mxt_9x60_wvga/debug/_ext/802015102/drv_maxtouch.o
LOAD build/lcdc_rgba8888_mxt_9x60_wvga/debug/_ext/51791817/gfx_canvas.o
LOAD build/lcdc_rgba8888_mxt_9x60_wvga/debug/_ext/51791817/gfx_canvas_api.o
LOAD build/lcdc_rgba8888_mxt_9x60_wvga/debug/_ext/95971993/gfx_driver.o
LOAD build/lcdc_rgba8888_mxt_9x60_wvga/debug/_ext/1886796627/drv_gfx_lcdc.o
LOAD build/lcdc_rgba8888_mxt_9x60_wvga/debug/_ext/1483321925/legato_rect.o
LOAD build/lcdc_rgba8888_mxt_9x60_wvga/debug/_ext/1483321925/legato_pixelbuffer.o
LOAD build/lcdc_rgba8888_mxt_9x60_wvga/debug/_ext/1483321925/legato_utils.o
LOAD build/lcdc_rgba8888_mxt_9x60_wvga/debug/_ext/1483321925/legato_color_convert.o
LOAD build/lcdc_rgba8888_mxt_9x60_wvga/debug/_ext/1483321925/legato_color_value.o
LOAD build/lcdc_rgba8888_mxt_9x60_wvga/debug/_ext/1483321925/legato_color_blend.o
LOAD build/lcdc_rgba8888_mxt_9x60_wvga/debug/_ext/1483321925/legato_math.o
LOAD build/lcdc_rgba8888_mxt_9x60_wvga/debug/_ext/1483321925/legato_error.o
LOAD build/lcdc_rgba8888_mxt_9x60_wvga/debug/_ext/1483321925/legato_color.o
LOAD build/lcdc_rgba8888_mxt_9x60_wvga/debug/_ext/1483321925/legato_color_lerp.o
LOAD build/lcdc_rgba8888_mxt_9x60_wvga/debug/_ext/1553762159/legato_state.o
LOAD build/lcdc_rgba8888_mxt_9x60_wvga/debug/_ext/1553762159/legato_event.o
LOAD build/lcdc_rgba8888_mxt_9x60_wvga/debug/_ext/1553762159/legato_input.o
LOAD build/lcdc_rgba8888_mxt_9x60_wvga/debug/_ext/1553762159/legato_scheme.o
LOAD build/lcdc_rgba8888_mxt_9x60_wvga/debug/_ext/1553762159/legato_stream.o
LOAD build/lcdc_rgba8888_mxt_9x60_wvga/debug/_ext/1653592263/legato_array.o
LOAD build/lcdc_rgba8888_mxt_9x60_wvga/debug/_ext/1653592263/legato_list.o
LOAD build/lcdc_rgba8888_mxt_9x60_wvga/debug/_ext/1653592263/legato_rectarray.o
LOAD build/lcdc_rgba8888_mxt_9x60_wvga/debug/_ext/1553851423/legato_rasterfont_liberationmono8.o
LOAD build/lcdc_rgba8888_mxt_9x60_wvga/debug/_ext/1553851423/legato_rasterfont_liberationmono1.o
LOAD build/lcdc_rgba8888_mxt_9x60_wvga/debug/_ext/1553851423/legato_font.o
LOAD build/lcdc_rgba8888_mxt_9x60_wvga/debug/_ext/1553851423/legato_rasterfont_stream.o
LOAD build/lcdc_rgba8888_mxt_9x60_wvga/debug/_ext/528922783/le_gen_fonts.o
LOAD build/lcdc_rgba8888_mxt_9x60_wvga/debug/_ext/780564725/image5.o
LOAD build/lcdc_rgba8888_mxt_9x60_wvga/debug/_ext/780564725/Rinse2.o
LOAD build/lcdc_rgba8888_mxt_9x60_wvga/debug/_ext/780564725/r3.o
LOAD build/lcdc_rgba8888_mxt_9x60_wvga/debug/_ext/780564725/Spin3.o
LOAD build/lcdc_rgba8888_mxt_9x60_wvga/debug/_ext/780564725/low_but_up.o
LOAD build/lcdc_rgba8888_mxt_9x60_wvga/debug/_ext/780564725/image6.o
LOAD build/lcdc_rgba8888_mxt_9x60_wvga/debug/_ext/780564725/Rinse3.o
LOAD build/lcdc_rgba8888_mxt_9x60_wvga/debug/_ext/780564725/r2.o
LOAD build/lcdc_rgba8888_mxt_9x60_wvga/debug/_ext/780564725/sports_but_down.o
LOAD build/lcdc_rgba8888_mxt_9x60_wvga/debug/_ext/780564725/sound_but_off.o
LOAD build/lcdc_rgba8888_mxt_9x60_wvga/debug/_ext/780564725/warm_but_down.o
LOAD build/lcdc_rgba8888_mxt_9x60_wvga/debug/_ext/780564725/logoH.o
LOAD build/lcdc_rgba8888_mxt_9x60_wvga/debug/_ext/780564725/image7.o
LOAD build/lcdc_rgba8888_mxt_9x60_wvga/debug/_ext/780564725/xrinse_but_on.o
LOAD build/lcdc_rgba8888_mxt_9x60_wvga/debug/_ext/780564725/hot_but_down.o
LOAD build/lcdc_rgba8888_mxt_9x60_wvga/debug/_ext/780564725/r1.o
LOAD build/lcdc_rgba8888_mxt_9x60_wvga/debug/_ext/780564725/high_but_down.o
LOAD build/lcdc_rgba8888_mxt_9x60_wvga/debug/_ext/780564725/image8.o
LOAD build/lcdc_rgba8888_mxt_9x60_wvga/debug/_ext/780564725/round_exit.o
LOAD build/lcdc_rgba8888_mxt_9x60_wvga/debug/_ext/780564725/image1.o
LOAD build/lcdc_rgba8888_mxt_9x60_wvga/debug/_ext/780564725/start_but_up.o
LOAD build/lcdc_rgba8888_mxt_9x60_wvga/debug/_ext/780564725/round_button.o
LOAD build/lcdc_rgba8888_mxt_9x60_wvga/debug/_ext/780564725/r7.o
LOAD build/lcdc_rgba8888_mxt_9x60_wvga/debug/_ext/780564725/image2.o
LOAD build/lcdc_rgba8888_mxt_9x60_wvga/debug/_ext/780564725/Wash0.o
LOAD build/lcdc_rgba8888_mxt_9x60_wvga/debug/_ext/780564725/Spin0.o
LOAD build/lcdc_rgba8888_mxt_9x60_wvga/debug/_ext/780564725/r6.o
LOAD build/lcdc_rgba8888_mxt_9x60_wvga/debug/_ext/780564725/image10.o
LOAD build/lcdc_rgba8888_mxt_9x60_wvga/debug/_ext/780564725/close.o
LOAD build/lcdc_rgba8888_mxt_9x60_wvga/debug/_ext/780564725/image3.o
LOAD build/lcdc_rgba8888_mxt_9x60_wvga/debug/_ext/780564725/Rinse0.o
LOAD build/lcdc_rgba8888_mxt_9x60_wvga/debug/_ext/780564725/wool_but_down.o
LOAD build/lcdc_rgba8888_mxt_9x60_wvga/debug/_ext/780564725/r5.o
LOAD build/lcdc_rgba8888_mxt_9x60_wvga/debug/_ext/780564725/Spin1.o
LOAD build/lcdc_rgba8888_mxt_9x60_wvga/debug/_ext/780564725/image11.o
LOAD build/lcdc_rgba8888_mxt_9x60_wvga/debug/_ext/780564725/start_but_down.o
LOAD build/lcdc_rgba8888_mxt_9x60_wvga/debug/_ext/780564725/image4.o
LOAD build/lcdc_rgba8888_mxt_9x60_wvga/debug/_ext/780564725/Rinse1.o
LOAD build/lcdc_rgba8888_mxt_9x60_wvga/debug/_ext/780564725/r4.o
LOAD build/lcdc_rgba8888_mxt_9x60_wvga/debug/_ext/780564725/Spin2.o
LOAD build/lcdc_rgba8888_mxt_9x60_wvga/debug/_ext/780564725/image12.o
LOAD build/lcdc_rgba8888_mxt_9x60_wvga/debug/_ext/780564725/bed_but_down.o
LOAD build/lcdc_rgba8888_mxt_9x60_wvga/debug/_ext/780564725/warm_but_up.o
LOAD build/lcdc_rgba8888_mxt_9x60_wvga/debug/_ext/780564725/Wash3.o
LOAD build/lcdc_rgba8888_mxt_9x60_wvga/debug/_ext/780564725/PreWash2.o
LOAD build/lcdc_rgba8888_mxt_9x60_wvga/debug/_ext/780564725/r12.o
LOAD build/lcdc_rgba8888_mxt_9x60_wvga/debug/_ext/780564725/PreWash3.o
LOAD build/lcdc_rgba8888_mxt_9x60_wvga/debug/_ext/780564725/hot_but_up.o
LOAD build/lcdc_rgba8888_mxt_9x60_wvga/debug/_ext/780564725/r11.o
LOAD build/lcdc_rgba8888_mxt_9x60_wvga/debug/_ext/780564725/normal_but_up.o
LOAD build/lcdc_rgba8888_mxt_9x60_wvga/debug/_ext/780564725/Wash1.o
LOAD build/lcdc_rgba8888_mxt_9x60_wvga/debug/_ext/780564725/prewash_but_on.o
LOAD build/lcdc_rgba8888_mxt_9x60_wvga/debug/_ext/780564725/options_but_down.o
LOAD build/lcdc_rgba8888_mxt_9x60_wvga/debug/_ext/780564725/r9.o
LOAD build/lcdc_rgba8888_mxt_9x60_wvga/debug/_ext/780564725/template.o
LOAD build/lcdc_rgba8888_mxt_9x60_wvga/debug/_ext/780564725/r10.o
LOAD build/lcdc_rgba8888_mxt_9x60_wvga/debug/_ext/780564725/prewash_but_off.o
LOAD build/lcdc_rgba8888_mxt_9x60_wvga/debug/_ext/780564725/xrinse_but_off.o
LOAD build/lcdc_rgba8888_mxt_9x60_wvga/debug/_ext/780564725/options_but_up.o
LOAD build/lcdc_rgba8888_mxt_9x60_wvga/debug/_ext/780564725/sound_but_on.o
LOAD build/lcdc_rgba8888_mxt_9x60_wvga/debug/_ext/780564725/Wash2.o
LOAD build/lcdc_rgba8888_mxt_9x60_wvga/debug/_ext/780564725/r8.o
LOAD build/lcdc_rgba8888_mxt_9x60_wvga/debug/_ext/780564725/high_but_up.o
LOAD build/lcdc_rgba8888_mxt_9x60_wvga/debug/_ext/780564725/cold_but_up.o
LOAD build/lcdc_rgba8888_mxt_9x60_wvga/debug/_ext/780564725/image9.o
LOAD build/lcdc_rgba8888_mxt_9x60_wvga/debug/_ext/780564725/medium_but_up.o
LOAD build/lcdc_rgba8888_mxt_9x60_wvga/debug/_ext/780564725/sports_but_up.o
LOAD build/lcdc_rgba8888_mxt_9x60_wvga/debug/_ext/780564725/medium_but_down.o
LOAD build/lcdc_rgba8888_mxt_9x60_wvga/debug/_ext/780564725/wool_but_up.o
LOAD build/lcdc_rgba8888_mxt_9x60_wvga/debug/_ext/780564725/bed_but_up.o
LOAD build/lcdc_rgba8888_mxt_9x60_wvga/debug/_ext/780564725/PreWash0.o
LOAD build/lcdc_rgba8888_mxt_9x60_wvga/debug/_ext/780564725/low_but_down.o
LOAD build/lcdc_rgba8888_mxt_9x60_wvga/debug/_ext/780564725/normal_but_down.o
LOAD build/lcdc_rgba8888_mxt_9x60_wvga/debug/_ext/780564725/cold_but_down.o
LOAD build/lcdc_rgba8888_mxt_9x60_wvga/debug/_ext/780564725/PreWash1.o
LOAD build/lcdc_rgba8888_mxt_9x60_wvga/debug/_ext/1849858236/le_gen_screen_Screen0.o
LOAD build/lcdc_rgba8888_mxt_9x60_wvga/debug/_ext/1247075393/le_gen_init.o
LOAD build/lcdc_rgba8888_mxt_9x60_wvga/debug/_ext/1247075393/le_gen_stringtable.o
LOAD build/lcdc_rgba8888_mxt_9x60_wvga/debug/_ext/1247075393/le_gen_scheme.o
LOAD build/lcdc_rgba8888_mxt_9x60_wvga/debug/_ext/1247075393/le_gen_globalpalette.o
LOAD build/lcdc_rgba8888_mxt_9x60_wvga/debug/_ext/1247075393/le_gen_harmony.o
LOAD build/lcdc_rgba8888_mxt_9x60_wvga/debug/_ext/1797725076/legato_imagedecoder_jpeg.o
LOAD build/lcdc_rgba8888_mxt_9x60_wvga/debug/_ext/1797725076/legato_imagedecoder_jpeg_common.o
LOAD build/lcdc_rgba8888_mxt_9x60_wvga/debug/_ext/1797725076/jidctint.o
LOAD build/lcdc_rgba8888_mxt_9x60_wvga/debug/_ext/1797636377/legato_imagedecoder_mono.o
LOAD build/lcdc_rgba8888_mxt_9x60_wvga/debug/_ext/1797636377/legato_imagedecoder_mono_read_internal.o
LOAD build/lcdc_rgba8888_mxt_9x60_wvga/debug/_ext/1797636377/legato_imagedecoder_mono_read_stream.o
LOAD build/lcdc_rgba8888_mxt_9x60_wvga/debug/_ext/1881677221/legato_imagedecoder_png.o
LOAD build/lcdc_rgba8888_mxt_9x60_wvga/debug/_ext/1881677221/lodepng.o
LOAD build/lcdc_rgba8888_mxt_9x60_wvga/debug/_ext/1881678756/legato_imagedecoder_raw_palette_stream.o
LOAD build/lcdc_rgba8888_mxt_9x60_wvga/debug/_ext/1881678756/legato_imagedecoder_raw_setup.o
LOAD build/lcdc_rgba8888_mxt_9x60_wvga/debug/_ext/1881678756/legato_imagedecoder_raw_scale.o
LOAD build/lcdc_rgba8888_mxt_9x60_wvga/debug/_ext/1881678756/legato_imagedecoder_raw_mask.o
LOAD build/lcdc_rgba8888_mxt_9x60_wvga/debug/_ext/1881678756/legato_imagedecoder_raw_convert.o
LOAD build/lcdc_rgba8888_mxt_9x60_wvga/debug/_ext/1881678756/legato_imagedecoder_raw_read_internal.o
LOAD build/lcdc_rgba8888_mxt_9x60_wvga/debug/_ext/1881678756/legato_imagedecoder_raw_write.o
LOAD build/lcdc_rgba8888_mxt_9x60_wvga/debug/_ext/1881678756/legato_imagedecoder_raw_blend.o
LOAD build/lcdc_rgba8888_mxt_9x60_wvga/debug/_ext/1881678756/legato_imagedecoder_raw_read_stream_rleindex.o
LOAD build/lcdc_rgba8888_mxt_9x60_wvga/debug/_ext/1881678756/legato_imagedecoder_raw_read_stream_rlecolor.o
LOAD build/lcdc_rgba8888_mxt_9x60_wvga/debug/_ext/1881678756/legato_imagedecoder_raw_read_stream_color.o
LOAD build/lcdc_rgba8888_mxt_9x60_wvga/debug/_ext/1881678756/legato_imagedecoder_raw_read_stream_index.o
LOAD build/lcdc_rgba8888_mxt_9x60_wvga/debug/_ext/1881678756/legato_imagedecoder_raw_palette_internal.o
LOAD build/lcdc_rgba8888_mxt_9x60_wvga/debug/_ext/1881678756/legato_imagedecoder_raw.o
LOAD build/lcdc_rgba8888_mxt_9x60_wvga/debug/_ext/1881678756/legato_imagedecoder_raw_rotate.o
LOAD build/lcdc_rgba8888_mxt_9x60_wvga/debug/_ext/927452043/legato_image_utils.o
LOAD build/lcdc_rgba8888_mxt_9x60_wvga/debug/_ext/927452043/legato_palette.o
LOAD build/lcdc_rgba8888_mxt_9x60_wvga/debug/_ext/927452043/legato_image.o
LOAD build/lcdc_rgba8888_mxt_9x60_wvga/debug/_ext/1206263599/legato_memory.o
LOAD build/lcdc_rgba8888_mxt_9x60_wvga/debug/_ext/1206263599/legato_fixedheap.o
LOAD build/lcdc_rgba8888_mxt_9x60_wvga/debug/_ext/1206263599/legato_variableheap.o
LOAD build/lcdc_rgba8888_mxt_9x60_wvga/debug/_ext/564048019/legato_draw_rect.o
LOAD build/lcdc_rgba8888_mxt_9x60_wvga/debug/_ext/564048019/legato_draw.o
LOAD build/lcdc_rgba8888_mxt_9x60_wvga/debug/_ext/564048019/legato_draw_line.o
LOAD build/lcdc_rgba8888_mxt_9x60_wvga/debug/_ext/564048019/legato_renderer.o
LOAD build/lcdc_rgba8888_mxt_9x60_wvga/debug/_ext/564048019/legato_draw_arc.o
LOAD build/lcdc_rgba8888_mxt_9x60_wvga/debug/_ext/564048019/legato_gpu.o
LOAD build/lcdc_rgba8888_mxt_9x60_wvga/debug/_ext/1020492831/legato_stringutils.o
LOAD build/lcdc_rgba8888_mxt_9x60_wvga/debug/_ext/1020492831/legato_tablestring.o
LOAD build/lcdc_rgba8888_mxt_9x60_wvga/debug/_ext/1020492831/legato_dynamicstring.o
LOAD build/lcdc_rgba8888_mxt_9x60_wvga/debug/_ext/1020492831/legato_string_renderer_stream.o
LOAD build/lcdc_rgba8888_mxt_9x60_wvga/debug/_ext/1020492831/legato_stringtable.o
LOAD build/lcdc_rgba8888_mxt_9x60_wvga/debug/_ext/1020492831/legato_fixedstring.o
LOAD build/lcdc_rgba8888_mxt_9x60_wvga/debug/_ext/1020492831/legato_string_renderer.o
LOAD build/lcdc_rgba8888_mxt_9x60_wvga/debug/_ext/1020492831/legato_string.o
LOAD build/lcdc_rgba8888_mxt_9x60_wvga/debug/_ext/618648617/legato_widget_arc.o
LOAD build/lcdc_rgba8888_mxt_9x60_wvga/debug/_ext/618648617/legato_widget_arc_skin_classic.o
LOAD build/lcdc_rgba8888_mxt_9x60_wvga/debug/_ext/332049738/legato_widget_bar_graph.o
LOAD build/lcdc_rgba8888_mxt_9x60_wvga/debug/_ext/332049738/legato_widget_bar_graph_skin_classic.o
LOAD build/lcdc_rgba8888_mxt_9x60_wvga/debug/_ext/424260723/legato_widget_button.o
LOAD build/lcdc_rgba8888_mxt_9x60_wvga/debug/_ext/424260723/legato_widget_button_skin_classic.o
LOAD build/lcdc_rgba8888_mxt_9x60_wvga/debug/_ext/1342728866/legato_widget_checkbox_skin_classic.o
LOAD build/lcdc_rgba8888_mxt_9x60_wvga/debug/_ext/1342728866/legato_widget_checkbox.o
LOAD build/lcdc_rgba8888_mxt_9x60_wvga/debug/_ext/406789845/legato_widget_circle.o
LOAD build/lcdc_rgba8888_mxt_9x60_wvga/debug/_ext/406789845/legato_widget_circle_skin_classic.o
LOAD build/lcdc_rgba8888_mxt_9x60_wvga/debug/_ext/481355007/legato_widget_circular_gauge_skin_classic.o
LOAD build/lcdc_rgba8888_mxt_9x60_wvga/debug/_ext/481355007/legato_widget_circular_gauge.o
LOAD build/lcdc_rgba8888_mxt_9x60_wvga/debug/_ext/1904515685/legato_widget_circular_slider_skin_classic.o
LOAD build/lcdc_rgba8888_mxt_9x60_wvga/debug/_ext/1904515685/legato_widget_circular_slider.o
LOAD build/lcdc_rgba8888_mxt_9x60_wvga/debug/_ext/815359854/legato_widget_drawsurface_skin_classic.o
LOAD build/lcdc_rgba8888_mxt_9x60_wvga/debug/_ext/815359854/legato_widget_drawsurface.o
LOAD build/lcdc_rgba8888_mxt_9x60_wvga/debug/_ext/1504997579/legato_widget_gradient_skin_classic.o
LOAD build/lcdc_rgba8888_mxt_9x60_wvga/debug/_ext/1504997579/legato_widget_gradient.o
LOAD build/lcdc_rgba8888_mxt_9x60_wvga/debug/_ext/1921711239/legato_widget_groupbox.o
LOAD build/lcdc_rgba8888_mxt_9x60_wvga/debug/_ext/1921711239/legato_widget_groupbox_skin_classic.o
LOAD build/lcdc_rgba8888_mxt_9x60_wvga/debug/_ext/1808593504/legato_widget_image.o
LOAD build/lcdc_rgba8888_mxt_9x60_wvga/debug/_ext/1808593504/legato_widget_image_skin_classic.o
LOAD build/lcdc_rgba8888_mxt_9x60_wvga/debug/_ext/340446469/legato_widget_imagerotate.o
LOAD build/lcdc_rgba8888_mxt_9x60_wvga/debug/_ext/340446469/legato_widget_imagerotate_skin_classic.o
LOAD build/lcdc_rgba8888_mxt_9x60_wvga/debug/_ext/1513586602/legato_widget_imagescale.o
LOAD build/lcdc_rgba8888_mxt_9x60_wvga/debug/_ext/1513586602/legato_widget_imagescale_skin_classic.o
LOAD build/lcdc_rgba8888_mxt_9x60_wvga/debug/_ext/638313825/legato_widget_imagesequence.o
LOAD build/lcdc_rgba8888_mxt_9x60_wvga/debug/_ext/638313825/legato_widget_imagesequence_skin_classic.o
LOAD build/lcdc_rgba8888_mxt_9x60_wvga/debug/_ext/181230033/legato_widget_keypad.o
LOAD build/lcdc_rgba8888_mxt_9x60_wvga/debug/_ext/181230033/legato_widget_keypad_skin_classic.o
LOAD build/lcdc_rgba8888_mxt_9x60_wvga/debug/_ext/1806179527/legato_widget_label_skin_classic.o
LOAD build/lcdc_rgba8888_mxt_9x60_wvga/debug/_ext/1806179527/legato_widget_label.o
LOAD build/lcdc_rgba8888_mxt_9x60_wvga/debug/_ext/1997918449/legato_widget_line_skin_classic.o
LOAD build/lcdc_rgba8888_mxt_9x60_wvga/debug/_ext/1997918449/legato_widget_line.o
LOAD build/lcdc_rgba8888_mxt_9x60_wvga/debug/_ext/862674017/legato_widget_line_graph.o
LOAD build/lcdc_rgba8888_mxt_9x60_wvga/debug/_ext/862674017/legato_widget_line_graph_skin_classic.o
LOAD build/lcdc_rgba8888_mxt_9x60_wvga/debug/_ext/1997918279/legato_widget_list_skin_classic.o
LOAD build/lcdc_rgba8888_mxt_9x60_wvga/debug/_ext/1997918279/legato_widget_list.o
LOAD build/lcdc_rgba8888_mxt_9x60_wvga/debug/_ext/276203710/legato_widget_listwheel_skin_classic.o
LOAD build/lcdc_rgba8888_mxt_9x60_wvga/debug/_ext/276203710/legato_widget_listwheel.o
LOAD build/lcdc_rgba8888_mxt_9x60_wvga/debug/_ext/726382445/legato_widget_pie_chart_skin_classic.o
LOAD build/lcdc_rgba8888_mxt_9x60_wvga/debug/_ext/726382445/legato_widget_pie_chart.o
LOAD build/lcdc_rgba8888_mxt_9x60_wvga/debug/_ext/2027768651/legato_widget_progressbar.o
LOAD build/lcdc_rgba8888_mxt_9x60_wvga/debug/_ext/2027768651/legato_widget_progressbar_skin_classic.o
LOAD build/lcdc_rgba8888_mxt_9x60_wvga/debug/_ext/1747593511/legato_widget_radial_menu_skin_classic.o
LOAD build/lcdc_rgba8888_mxt_9x60_wvga/debug/_ext/1747593511/legato_widget_radial_menu.o
LOAD build/lcdc_rgba8888_mxt_9x60_wvga/debug/_ext/1747593511/legato_widget_radial_menu_state.o
LOAD build/lcdc_rgba8888_mxt_9x60_wvga/debug/_ext/920874866/legato_radiobutton_group.o
LOAD build/lcdc_rgba8888_mxt_9x60_wvga/debug/_ext/920874866/legato_widget_radiobutton.o
LOAD build/lcdc_rgba8888_mxt_9x60_wvga/debug/_ext/920874866/legato_widget_radiobutton_skin_classic.o
LOAD build/lcdc_rgba8888_mxt_9x60_wvga/debug/_ext/2047371060/legato_widget_rectangle_skin_classic.o
LOAD build/lcdc_rgba8888_mxt_9x60_wvga/debug/_ext/2047371060/legato_widget_rectangle.o
LOAD build/lcdc_rgba8888_mxt_9x60_wvga/debug/_ext/1343864811/legato_widget_scrollbar_skin_classic.o
LOAD build/lcdc_rgba8888_mxt_9x60_wvga/debug/_ext/1343864811/legato_widget_scrollbar.o
LOAD build/lcdc_rgba8888_mxt_9x60_wvga/debug/_ext/53779772/legato_widget_slider_skin_classic.o
LOAD build/lcdc_rgba8888_mxt_9x60_wvga/debug/_ext/53779772/legato_widget_slider.o
LOAD build/lcdc_rgba8888_mxt_9x60_wvga/debug/_ext/105363022/legato_widget_textfield_skin_classic.o
LOAD build/lcdc_rgba8888_mxt_9x60_wvga/debug/_ext/105363022/legato_widget_textfield.o
LOAD build/lcdc_rgba8888_mxt_9x60_wvga/debug/_ext/1290806806/legato_widget_touchtest.o
LOAD build/lcdc_rgba8888_mxt_9x60_wvga/debug/_ext/1290806806/legato_widget_touchtest_skin_classic.o
LOAD build/lcdc_rgba8888_mxt_9x60_wvga/debug/_ext/165675083/legato_widget_window_skin_classic.o
LOAD build/lcdc_rgba8888_mxt_9x60_wvga/debug/_ext/165675083/legato_widget_window.o
LOAD build/lcdc_rgba8888_mxt_9x60_wvga/debug/_ext/916554220/legato_editwidget.o
LOAD build/lcdc_rgba8888_mxt_9x60_wvga/debug/_ext/916554220/legato_widget_skin_classic.o
LOAD build/lcdc_rgba8888_mxt_9x60_wvga/debug/_ext/916554220/legato_widget_skin_classic_common.o
LOAD build/lcdc_rgba8888_mxt_9x60_wvga/debug/_ext/916554220/legato_widget.o
LOAD build/lcdc_rgba8888_mxt_9x60_wvga/debug/_ext/107307971/plib_aic.o
LOAD build/lcdc_rgba8888_mxt_9x60_wvga/debug/_ext/107309994/plib_clk.o
LOAD build/lcdc_rgba8888_mxt_9x60_wvga/debug/_ext/1221451702/plib_flexcom0_twi_master.o
LOAD build/lcdc_rgba8888_mxt_9x60_wvga/debug/_ext/968098130/plib_lcdc.o
LOAD build/lcdc_rgba8888_mxt_9x60_wvga/debug/_ext/107319645/plib_mmu.o
LOAD build/lcdc_rgba8888_mxt_9x60_wvga/debug/_ext/107322398/plib_pio.o
LOAD build/lcdc_rgba8888_mxt_9x60_wvga/debug/_ext/107324666/plib_rtt.o
LOAD build/lcdc_rgba8888_mxt_9x60_wvga/debug/_ext/273632537/plib_tc1.o
LOAD build/lcdc_rgba8888_mxt_9x60_wvga/debug/_ext/273632537/plib_tc0.o
LOAD build/lcdc_rgba8888_mxt_9x60_wvga/debug/_ext/129769842/xc32_monitor.o
LOAD build/lcdc_rgba8888_mxt_9x60_wvga/debug/_ext/250812413/sys_cache.o
LOAD build/lcdc_rgba8888_mxt_9x60_wvga/debug/_ext/256753733/sys_input.o
LOAD build/lcdc_rgba8888_mxt_9x60_wvga/debug/_ext/256753733/sys_input_listener.o
LOAD build/lcdc_rgba8888_mxt_9x60_wvga/debug/_ext/1928812927/sys_int.o
LOAD build/lcdc_rgba8888_mxt_9x60_wvga/debug/_ext/1359593799/sys_time.o
LOAD build/lcdc_rgba8888_mxt_9x60_wvga/debug/_ext/1455094228/fault_handlers.o
LOAD build/lcdc_rgba8888_mxt_9x60_wvga/debug/_ext/1455094228/cstartup.o
LOAD build/lcdc_rgba8888_mxt_9x60_wvga/debug/_ext/1455094228/interrupts.o
LOAD build/lcdc_rgba8888_mxt_9x60_wvga/debug/_ext/1455094228/initialization.o
LOAD build/lcdc_rgba8888_mxt_9x60_wvga/debug/_ext/1455094228/tasks.o
LOAD build/lcdc_rgba8888_mxt_9x60_wvga/debug/_ext/1360937237/app.o
LOAD build/lcdc_rgba8888_mxt_9x60_wvga/debug/_ext/1360937237/main.o
                0x00000001                __MPLAB_BUILD = 0x1
                0x00001000                C_STACK_SIZE = 0x1000
                0x00000060                IRQ_STACK_SIZE = 0x60
                0x00000060                FIQ_STACK_SIZE = 0x60
                0x00001000                SVC_STACK_SIZE = 0x1000
                0x00000040                ABT_STACK_SIZE = 0x40
                0x00000040                UND_STACK_SIZE = 0x40

.text           0x23f00000   0x9f0024
                0x23f00000                . = ALIGN (0x4)
                [!provide]                PROVIDE (_sfixed = .)
 *(.textEntry)
 .textEntry     0x23f00000      0x10c build/lcdc_rgba8888_mxt_9x60_wvga/debug/_ext/1455094228/cstartup.o
                0x23f00000                entry
 *(.text .text.* .gnu.linkonce.t.*)
 .text          0x23f0010c       0x70 c:/program files/microchip/xc32/v4.21/bin/bin/../../lib/gcc/pic32c/8.3.1/arm/v5te/nofp/crtbegin.o
 .text.BSP_Initialize
                0x23f0017c       0x20 build/lcdc_rgba8888_mxt_9x60_wvga/debug/_ext/710462340/bsp.o
                0x23f0017c                BSP_Initialize
 .text.lDRV_I2C_DriverHandleValidate
                0x23f0019c       0x6c build/lcdc_rgba8888_mxt_9x60_wvga/debug/_ext/205529507/drv_i2c.o
 .text.lDRV_I2C_RemoveTransferObjFromList
                0x23f00208       0x28 build/lcdc_rgba8888_mxt_9x60_wvga/debug/_ext/205529507/drv_i2c.o
 .text.lDRV_I2C_RemoveClientTransfersFromList
                0x23f00230       0x5c build/lcdc_rgba8888_mxt_9x60_wvga/debug/_ext/205529507/drv_i2c.o
 .text.lDRV_I2C_ClientCallback
                0x23f0028c       0x80 build/lcdc_rgba8888_mxt_9x60_wvga/debug/_ext/205529507/drv_i2c.o
 .text.lDRV_I2C_NextTransferInitiate
                0x23f0030c      0x12c build/lcdc_rgba8888_mxt_9x60_wvga/debug/_ext/205529507/drv_i2c.o
 .text.lDRV_I2C_ResourceLock
                0x23f00438       0xdc build/lcdc_rgba8888_mxt_9x60_wvga/debug/_ext/205529507/drv_i2c.o
 .text.lDRV_I2C_ResourceUnlock
                0x23f00514       0xbc build/lcdc_rgba8888_mxt_9x60_wvga/debug/_ext/205529507/drv_i2c.o
 .text.lDRV_I2C_WriteReadTransferAdd
                0x23f005d0      0x360 build/lcdc_rgba8888_mxt_9x60_wvga/debug/_ext/205529507/drv_i2c.o
 .text.lDRV_I2C_PLibCallbackHandler
                0x23f00930       0x84 build/lcdc_rgba8888_mxt_9x60_wvga/debug/_ext/205529507/drv_i2c.o
 .text.DRV_I2C_Initialize
                0x23f009b4       0xbc build/lcdc_rgba8888_mxt_9x60_wvga/debug/_ext/205529507/drv_i2c.o
                0x23f009b4                DRV_I2C_Initialize
 .text.DRV_I2C_Open
                0x23f00a70      0x1ac build/lcdc_rgba8888_mxt_9x60_wvga/debug/_ext/205529507/drv_i2c.o
                0x23f00a70                DRV_I2C_Open
 .text.DRV_I2C_Close
                0x23f00c1c       0x98 build/lcdc_rgba8888_mxt_9x60_wvga/debug/_ext/205529507/drv_i2c.o
                0x23f00c1c                DRV_I2C_Close
 .text.DRV_I2C_TransferEventHandlerSet
                0x23f00cb4       0x50 build/lcdc_rgba8888_mxt_9x60_wvga/debug/_ext/205529507/drv_i2c.o
                0x23f00cb4                DRV_I2C_TransferEventHandlerSet
 .text.DRV_I2C_ReadTransferAdd
                0x23f00d04       0x34 build/lcdc_rgba8888_mxt_9x60_wvga/debug/_ext/205529507/drv_i2c.o
                0x23f00d04                DRV_I2C_ReadTransferAdd
 .text.DRV_I2C_WriteTransferAdd
                0x23f00d38       0x30 build/lcdc_rgba8888_mxt_9x60_wvga/debug/_ext/205529507/drv_i2c.o
                0x23f00d38                DRV_I2C_WriteTransferAdd
 .text.DRV_MAXTOUCH_I2CEventHandler
                0x23f00d68      0x23c build/lcdc_rgba8888_mxt_9x60_wvga/debug/_ext/802015102/drv_maxtouch.o
                0x23f00d68                DRV_MAXTOUCH_I2CEventHandler
 .text._RegWrite16
                0x23f00fa4       0x60 build/lcdc_rgba8888_mxt_9x60_wvga/debug/_ext/802015102/drv_maxtouch.o
 .text.resetTimer_Callback
                0x23f01004       0x70 build/lcdc_rgba8888_mxt_9x60_wvga/debug/_ext/802015102/drv_maxtouch.o
 .text._MessageObjectRead
                0x23f01074       0x94 build/lcdc_rgba8888_mxt_9x60_wvga/debug/_ext/802015102/drv_maxtouch.o
 .text.mxt_proc_t100_message
                0x23f01108       0xd4 build/lcdc_rgba8888_mxt_9x60_wvga/debug/_ext/802015102/drv_maxtouch.o
 .text._mxt_DelayMS
                0x23f011dc       0x38 build/lcdc_rgba8888_mxt_9x60_wvga/debug/_ext/802015102/drv_maxtouch.o
 .text.mxt_calculate_crc
                0x23f01214       0xac build/lcdc_rgba8888_mxt_9x60_wvga/debug/_ext/802015102/drv_maxtouch.o
 .text.MXT_INTERRUPT_PIN_VALUE_GET
                0x23f012c0       0x14 build/lcdc_rgba8888_mxt_9x60_wvga/debug/_ext/802015102/drv_maxtouch.o
                0x23f012c0                MXT_INTERRUPT_PIN_VALUE_GET
 .text.DRV_MAXTOUCH_Initialize
                0x23f012d4       0xd4 build/lcdc_rgba8888_mxt_9x60_wvga/debug/_ext/802015102/drv_maxtouch.o
                0x23f012d4                DRV_MAXTOUCH_Initialize
 .text.DRV_MAXTOUCH_Open
                0x23f013a8      0x12c build/lcdc_rgba8888_mxt_9x60_wvga/debug/_ext/802015102/drv_maxtouch.o
                0x23f013a8                DRV_MAXTOUCH_Open
 .text.DRV_MAXTOUCH_Tasks
                0x23f014d4      0xadc build/lcdc_rgba8888_mxt_9x60_wvga/debug/_ext/802015102/drv_maxtouch.o
                0x23f014d4                DRV_MAXTOUCH_Tasks
 .text.effectsTimerCallback
                0x23f01fb0       0x18 build/lcdc_rgba8888_mxt_9x60_wvga/debug/_ext/51791817/gfx_canvas.o
 .text.GFXC_Update
                0x23f01fc8        0x4 build/lcdc_rgba8888_mxt_9x60_wvga/debug/_ext/51791817/gfx_canvas.o
 .text.GFX_CANVAS_IOCTL
                0x23f01fcc      0x2b4 build/lcdc_rgba8888_mxt_9x60_wvga/debug/_ext/51791817/gfx_canvas.o
 .text.GFXC_BlitBuffer
                0x23f02280       0xf0 build/lcdc_rgba8888_mxt_9x60_wvga/debug/_ext/51791817/gfx_canvas.o
 .text.GFX_CANVAS_Initialize
                0x23f02370      0x150 build/lcdc_rgba8888_mxt_9x60_wvga/debug/_ext/51791817/gfx_canvas.o
                0x23f02370                GFX_CANVAS_Initialize
 .text._gfxcCanvasUpdate
                0x23f024c0      0x2f8 build/lcdc_rgba8888_mxt_9x60_wvga/debug/_ext/51791817/gfx_canvas.o
                0x23f024c0                _gfxcCanvasUpdate
 .text.GFX_CANVAS_Task
                0x23f027b8      0x3d8 build/lcdc_rgba8888_mxt_9x60_wvga/debug/_ext/51791817/gfx_canvas.o
                0x23f027b8                GFX_CANVAS_Task
 .text.gfxcCreate
                0x23f02b90       0x98 build/lcdc_rgba8888_mxt_9x60_wvga/debug/_ext/51791817/gfx_canvas_api.o
                0x23f02b90                gfxcCreate
 .text.gfxcSetPixelBuffer
                0x23f02c28       0x78 build/lcdc_rgba8888_mxt_9x60_wvga/debug/_ext/51791817/gfx_canvas_api.o
                0x23f02c28                gfxcSetPixelBuffer
 .text.gfxcSetLayer
                0x23f02ca0       0x50 build/lcdc_rgba8888_mxt_9x60_wvga/debug/_ext/51791817/gfx_canvas_api.o
                0x23f02ca0                gfxcSetLayer
 .text.gfxcSetWindowPosition
                0x23f02cf0       0x3c build/lcdc_rgba8888_mxt_9x60_wvga/debug/_ext/51791817/gfx_canvas_api.o
                0x23f02cf0                gfxcSetWindowPosition
 .text.gfxcSetWindowSize
                0x23f02d2c       0x3c build/lcdc_rgba8888_mxt_9x60_wvga/debug/_ext/51791817/gfx_canvas_api.o
                0x23f02d2c                gfxcSetWindowSize
 .text.gfxcShowCanvas
                0x23f02d68       0x2c build/lcdc_rgba8888_mxt_9x60_wvga/debug/_ext/51791817/gfx_canvas_api.o
                0x23f02d68                gfxcShowCanvas
 .text.gfxcCanvasUpdate
                0x23f02d94       0x20 build/lcdc_rgba8888_mxt_9x60_wvga/debug/_ext/51791817/gfx_canvas_api.o
                0x23f02d94                gfxcCanvasUpdate
 .text.gfxPixelBufferCreate
                0x23f02db4       0xd8 build/lcdc_rgba8888_mxt_9x60_wvga/debug/_ext/95971993/gfx_driver.o
                0x23f02db4                gfxPixelBufferCreate
 .text.gfxPixelBufferOffsetGet
                0x23f02e8c       0x4c build/lcdc_rgba8888_mxt_9x60_wvga/debug/_ext/95971993/gfx_driver.o
                0x23f02e8c                gfxPixelBufferOffsetGet
 .text.gfxPixelBuffer_IsLocked
                0x23f02ed8       0x14 build/lcdc_rgba8888_mxt_9x60_wvga/debug/_ext/95971993/gfx_driver.o
                0x23f02ed8                gfxPixelBuffer_IsLocked
 .text.getLCDCStrideFromColorMode
                0x23f02eec       0x30 build/lcdc_rgba8888_mxt_9x60_wvga/debug/_ext/1886796627/drv_gfx_lcdc.o
 .text._IntHandlerLayerReadComplete
                0x23f02f1c       0xb4 build/lcdc_rgba8888_mxt_9x60_wvga/debug/_ext/1886796627/drv_gfx_lcdc.o
                0x23f02f1c                _IntHandlerLayerReadComplete
 .text.DRV_LCDC_Update
                0x23f02fd0       0x2c build/lcdc_rgba8888_mxt_9x60_wvga/debug/_ext/1886796627/drv_gfx_lcdc.o
                0x23f02fd0                DRV_LCDC_Update
 .text.LCDC_BrightnessSet
                0x23f02ffc       0x24 build/lcdc_rgba8888_mxt_9x60_wvga/debug/_ext/1886796627/drv_gfx_lcdc.o
                0x23f02ffc                LCDC_BrightnessSet
 .text.DRV_LCDC_Initialize
                0x23f03020      0x3d0 build/lcdc_rgba8888_mxt_9x60_wvga/debug/_ext/1886796627/drv_gfx_lcdc.o
                0x23f03020                DRV_LCDC_Initialize
 .text.DRV_LCDC_BlitBuffer
                0x23f033f0       0xf0 build/lcdc_rgba8888_mxt_9x60_wvga/debug/_ext/1886796627/drv_gfx_lcdc.o
                0x23f033f0                DRV_LCDC_BlitBuffer
 .text.DRV_LCDC_IOCTL
                0x23f034e0      0x720 build/lcdc_rgba8888_mxt_9x60_wvga/debug/_ext/1886796627/drv_gfx_lcdc.o
                0x23f034e0                DRV_LCDC_IOCTL
 .text.leRectContainsPoint
                0x23f03c00       0x60 build/lcdc_rgba8888_mxt_9x60_wvga/debug/_ext/1483321925/legato_rect.o
                0x23f03c00                leRectContainsPoint
 .text.leRectContainsRect
                0x23f03c60       0x70 build/lcdc_rgba8888_mxt_9x60_wvga/debug/_ext/1483321925/legato_rect.o
                0x23f03c60                leRectContainsRect
 .text.leRectIntersects
                0x23f03cd0       0x70 build/lcdc_rgba8888_mxt_9x60_wvga/debug/_ext/1483321925/legato_rect.o
                0x23f03cd0                leRectIntersects
 .text.leRectCombine
                0x23f03d40       0x88 build/lcdc_rgba8888_mxt_9x60_wvga/debug/_ext/1483321925/legato_rect.o
                0x23f03d40                leRectCombine
 .text.leRectClipAdj
                0x23f03dc8      0x180 build/lcdc_rgba8888_mxt_9x60_wvga/debug/_ext/1483321925/legato_rect.o
                0x23f03dc8                leRectClipAdj
 .text.leRectClip
                0x23f03f48       0xa0 build/lcdc_rgba8888_mxt_9x60_wvga/debug/_ext/1483321925/legato_rect.o
                0x23f03f48                leRectClip
 .text.leRectCompare
                0x23f03fe8       0x60 build/lcdc_rgba8888_mxt_9x60_wvga/debug/_ext/1483321925/legato_rect.o
                0x23f03fe8                leRectCompare
 .text.leRectsAreSimilar
                0x23f04048       0xcc build/lcdc_rgba8888_mxt_9x60_wvga/debug/_ext/1483321925/legato_rect.o
                0x23f04048                leRectsAreSimilar
 .text.indexGet1bpp
                0x23f04114       0x20 build/lcdc_rgba8888_mxt_9x60_wvga/debug/_ext/1483321925/legato_pixelbuffer.o
 .text.indexGet4bpp
                0x23f04134       0x18 build/lcdc_rgba8888_mxt_9x60_wvga/debug/_ext/1483321925/legato_pixelbuffer.o
 .text.indexGet
                0x23f0414c       0x64 build/lcdc_rgba8888_mxt_9x60_wvga/debug/_ext/1483321925/legato_pixelbuffer.o
 .text.get1byte
                0x23f041b0        0x8 build/lcdc_rgba8888_mxt_9x60_wvga/debug/_ext/1483321925/legato_pixelbuffer.o
 .text.get2byte
                0x23f041b8        0x8 build/lcdc_rgba8888_mxt_9x60_wvga/debug/_ext/1483321925/legato_pixelbuffer.o
 .text.get3byte
                0x23f041c0       0x1c build/lcdc_rgba8888_mxt_9x60_wvga/debug/_ext/1483321925/legato_pixelbuffer.o
 .text.get4byte
                0x23f041dc        0x8 build/lcdc_rgba8888_mxt_9x60_wvga/debug/_ext/1483321925/legato_pixelbuffer.o
 .text.set1byte
                0x23f041e4        0xc build/lcdc_rgba8888_mxt_9x60_wvga/debug/_ext/1483321925/legato_pixelbuffer.o
 .text.set2byte
                0x23f041f0        0xc build/lcdc_rgba8888_mxt_9x60_wvga/debug/_ext/1483321925/legato_pixelbuffer.o
 .text.set3byte
                0x23f041fc       0x1c build/lcdc_rgba8888_mxt_9x60_wvga/debug/_ext/1483321925/legato_pixelbuffer.o
 .text.set4byte
                0x23f04218        0xc build/lcdc_rgba8888_mxt_9x60_wvga/debug/_ext/1483321925/legato_pixelbuffer.o
 .text.lePixelBufferCreate
                0x23f04224       0xd0 build/lcdc_rgba8888_mxt_9x60_wvga/debug/_ext/1483321925/legato_pixelbuffer.o
                0x23f04224                lePixelBufferCreate
 .text.lePixelBufferOffsetGet
                0x23f042f4       0x5c build/lcdc_rgba8888_mxt_9x60_wvga/debug/_ext/1483321925/legato_pixelbuffer.o
                0x23f042f4                lePixelBufferOffsetGet
 .text.lePixelBufferOffsetGet_Unsafe
                0x23f04350       0x44 build/lcdc_rgba8888_mxt_9x60_wvga/debug/_ext/1483321925/legato_pixelbuffer.o
                0x23f04350                lePixelBufferOffsetGet_Unsafe
 .text.lePixelBufferGet_Unsafe
                0x23f04394       0x64 build/lcdc_rgba8888_mxt_9x60_wvga/debug/_ext/1483321925/legato_pixelbuffer.o
                0x23f04394                lePixelBufferGet_Unsafe
 .text.lePixelBufferGet
                0x23f043f8       0x34 build/lcdc_rgba8888_mxt_9x60_wvga/debug/_ext/1483321925/legato_pixelbuffer.o
                0x23f043f8                lePixelBufferGet
 .text.lePixelBufferClipRect
                0x23f0442c       0x84 build/lcdc_rgba8888_mxt_9x60_wvga/debug/_ext/1483321925/legato_pixelbuffer.o
                0x23f0442c                lePixelBufferClipRect
 .text.lePixelBufferGetIndex_Unsafe
                0x23f044b0       0x2c build/lcdc_rgba8888_mxt_9x60_wvga/debug/_ext/1483321925/legato_pixelbuffer.o
                0x23f044b0                lePixelBufferGetIndex_Unsafe
 .text.lePixelBufferSet_Unsafe
                0x23f044dc       0x7c build/lcdc_rgba8888_mxt_9x60_wvga/debug/_ext/1483321925/legato_pixelbuffer.o
                0x23f044dc                lePixelBufferSet_Unsafe
 .text.lePixelBufferSet
                0x23f04558       0x28 build/lcdc_rgba8888_mxt_9x60_wvga/debug/_ext/1483321925/legato_pixelbuffer.o
                0x23f04558                lePixelBufferSet
 .text.lePixelBufferAreaFill_Unsafe
                0x23f04580      0x110 build/lcdc_rgba8888_mxt_9x60_wvga/debug/_ext/1483321925/legato_pixelbuffer.o
                0x23f04580                lePixelBufferAreaFill_Unsafe
 .text.lePixelBufferAreaFill
                0x23f04690       0x70 build/lcdc_rgba8888_mxt_9x60_wvga/debug/_ext/1483321925/legato_pixelbuffer.o
                0x23f04690                lePixelBufferAreaFill
 .text.lePixelBufferCopy
                0x23f04700       0xd8 build/lcdc_rgba8888_mxt_9x60_wvga/debug/_ext/1483321925/legato_pixelbuffer.o
                0x23f04700                lePixelBufferCopy
 .text.leUtils_PickFromWidget
                0x23f047d8       0xe4 build/lcdc_rgba8888_mxt_9x60_wvga/debug/_ext/1483321925/legato_utils.o
                0x23f047d8                leUtils_PickFromWidget
 .text.leUtils_ClipRectToParent
                0x23f048bc       0x84 build/lcdc_rgba8888_mxt_9x60_wvga/debug/_ext/1483321925/legato_utils.o
                0x23f048bc                leUtils_ClipRectToParent
 .text.leUtils_RectToScreenSpace
                0x23f04940       0x44 build/lcdc_rgba8888_mxt_9x60_wvga/debug/_ext/1483321925/legato_utils.o
                0x23f04940                leUtils_RectToScreenSpace
 .text.leUtils_ClipRectToAncestors
                0x23f04984       0x94 build/lcdc_rgba8888_mxt_9x60_wvga/debug/_ext/1483321925/legato_utils.o
                0x23f04984                leUtils_ClipRectToAncestors
 .text.leUtils_ArrangeRectangle
                0x23f04a18      0x280 build/lcdc_rgba8888_mxt_9x60_wvga/debug/_ext/1483321925/legato_utils.o
                0x23f04a18                leUtils_ArrangeRectangle
 .text.leUtils_ArrangeRectangleRelative
                0x23f04c98      0x2b0 build/lcdc_rgba8888_mxt_9x60_wvga/debug/_ext/1483321925/legato_utils.o
                0x23f04c98                leUtils_ArrangeRectangleRelative
 .text.leUtils_GetSchemeLookupTable
                0x23f04f48       0x64 build/lcdc_rgba8888_mxt_9x60_wvga/debug/_ext/1483321925/legato_utils.o
                0x23f04f48                leUtils_GetSchemeLookupTable
 .text.no_conv  0x23f04fac        0x4 build/lcdc_rgba8888_mxt_9x60_wvga/debug/_ext/1483321925/legato_color_convert.o
 .text.gs8_rgb332
                0x23f04fb0       0x10 build/lcdc_rgba8888_mxt_9x60_wvga/debug/_ext/1483321925/legato_color_convert.o
 .text.gs8_rgb565
                0x23f04fc0       0x20 build/lcdc_rgba8888_mxt_9x60_wvga/debug/_ext/1483321925/legato_color_convert.o
 .text.gs8_rgba5551
                0x23f04fe0       0x28 build/lcdc_rgba8888_mxt_9x60_wvga/debug/_ext/1483321925/legato_color_convert.o
 .text.gs8_rgb888
                0x23f05008       0x10 build/lcdc_rgba8888_mxt_9x60_wvga/debug/_ext/1483321925/legato_color_convert.o
 .text.gs8_rgba8888
                0x23f05018       0x14 build/lcdc_rgba8888_mxt_9x60_wvga/debug/_ext/1483321925/legato_color_convert.o
 .text.gs8_argb8888
                0x23f0502c       0x14 build/lcdc_rgba8888_mxt_9x60_wvga/debug/_ext/1483321925/legato_color_convert.o
 .text.gs8_mono
                0x23f05040       0x10 build/lcdc_rgba8888_mxt_9x60_wvga/debug/_ext/1483321925/legato_color_convert.o
 .text.rgb332_rgb565
                0x23f05050       0x2c build/lcdc_rgba8888_mxt_9x60_wvga/debug/_ext/1483321925/legato_color_convert.o
 .text.rgb332_rgba5551
                0x23f0507c       0x2c build/lcdc_rgba8888_mxt_9x60_wvga/debug/_ext/1483321925/legato_color_convert.o
 .text.rgb332_rgb888
                0x23f050a8       0x30 build/lcdc_rgba8888_mxt_9x60_wvga/debug/_ext/1483321925/legato_color_convert.o
 .text.rgb332_rgba8888
                0x23f050d8       0x2c build/lcdc_rgba8888_mxt_9x60_wvga/debug/_ext/1483321925/legato_color_convert.o
 .text.rgb332_argb8888
                0x23f05104       0x30 build/lcdc_rgba8888_mxt_9x60_wvga/debug/_ext/1483321925/legato_color_convert.o
 .text.rgb565_rgb332
                0x23f05134       0x20 build/lcdc_rgba8888_mxt_9x60_wvga/debug/_ext/1483321925/legato_color_convert.o
 .text.rgb565_rgba5551
                0x23f05154       0x20 build/lcdc_rgba8888_mxt_9x60_wvga/debug/_ext/1483321925/legato_color_convert.o
 .text.rgb565_rgb888
                0x23f05174       0x24 build/lcdc_rgba8888_mxt_9x60_wvga/debug/_ext/1483321925/legato_color_convert.o
 .text.rgb565_rgba8888
                0x23f05198       0x24 build/lcdc_rgba8888_mxt_9x60_wvga/debug/_ext/1483321925/legato_color_convert.o
 .text.rgb565_argb8888
                0x23f051bc       0x28 build/lcdc_rgba8888_mxt_9x60_wvga/debug/_ext/1483321925/legato_color_convert.o
 .text.rgba5551_gs8
                0x23f051e4        0x4 build/lcdc_rgba8888_mxt_9x60_wvga/debug/_ext/1483321925/legato_color_convert.o
 .text.rgba5551_rgb332
                0x23f051e8       0x20 build/lcdc_rgba8888_mxt_9x60_wvga/debug/_ext/1483321925/legato_color_convert.o
 .text.rgba5551_rgb565
                0x23f05208       0x1c build/lcdc_rgba8888_mxt_9x60_wvga/debug/_ext/1483321925/legato_color_convert.o
 .text.rgba5551_rgb888
                0x23f05224       0x30 build/lcdc_rgba8888_mxt_9x60_wvga/debug/_ext/1483321925/legato_color_convert.o
 .text.rgba5551_rgba8888
                0x23f05254       0x40 build/lcdc_rgba8888_mxt_9x60_wvga/debug/_ext/1483321925/legato_color_convert.o
 .text.rgba5551_argb8888
                0x23f05294       0x40 build/lcdc_rgba8888_mxt_9x60_wvga/debug/_ext/1483321925/legato_color_convert.o
 .text.rgb888_gs8
                0x23f052d4        0x4 build/lcdc_rgba8888_mxt_9x60_wvga/debug/_ext/1483321925/legato_color_convert.o
 .text.rgb888_rgb332
                0x23f052d8       0x24 build/lcdc_rgba8888_mxt_9x60_wvga/debug/_ext/1483321925/legato_color_convert.o
 .text.rgb888_rgb565
                0x23f052fc       0x20 build/lcdc_rgba8888_mxt_9x60_wvga/debug/_ext/1483321925/legato_color_convert.o
 .text.rgb888_rgba5551
                0x23f0531c       0x28 build/lcdc_rgba8888_mxt_9x60_wvga/debug/_ext/1483321925/legato_color_convert.o
 .text.rgb888_rgba8888
                0x23f05344        0xc build/lcdc_rgba8888_mxt_9x60_wvga/debug/_ext/1483321925/legato_color_convert.o
 .text.rgb888_argb8888
                0x23f05350        0x8 build/lcdc_rgba8888_mxt_9x60_wvga/debug/_ext/1483321925/legato_color_convert.o
 .text.rgba8888_gs8
                0x23f05358        0x4 build/lcdc_rgba8888_mxt_9x60_wvga/debug/_ext/1483321925/legato_color_convert.o
 .text.rgba8888_rgb332
                0x23f0535c       0x20 build/lcdc_rgba8888_mxt_9x60_wvga/debug/_ext/1483321925/legato_color_convert.o
 .text.rgba8888_rgb565
                0x23f0537c       0x20 build/lcdc_rgba8888_mxt_9x60_wvga/debug/_ext/1483321925/legato_color_convert.o
 .text.rgba8888_rgba5551
                0x23f0539c       0x34 build/lcdc_rgba8888_mxt_9x60_wvga/debug/_ext/1483321925/legato_color_convert.o
 .text.rgba8888_rgb888
                0x23f053d0        0x8 build/lcdc_rgba8888_mxt_9x60_wvga/debug/_ext/1483321925/legato_color_convert.o
 .text.rgba8888_argb8888
                0x23f053d8        0x8 build/lcdc_rgba8888_mxt_9x60_wvga/debug/_ext/1483321925/legato_color_convert.o
 .text.argb8888_rgba5551
                0x23f053e0       0x34 build/lcdc_rgba8888_mxt_9x60_wvga/debug/_ext/1483321925/legato_color_convert.o
 .text.argb8888_rgb888
                0x23f05414        0x8 build/lcdc_rgba8888_mxt_9x60_wvga/debug/_ext/1483321925/legato_color_convert.o
 .text.argb8888_rgba8888
                0x23f0541c        0x8 build/lcdc_rgba8888_mxt_9x60_wvga/debug/_ext/1483321925/legato_color_convert.o
 .text.rgb565_gs8
                0x23f05424       0x54 build/lcdc_rgba8888_mxt_9x60_wvga/debug/_ext/1483321925/legato_color_convert.o
 .text.rgb332_gs8
                0x23f05478       0x54 build/lcdc_rgba8888_mxt_9x60_wvga/debug/_ext/1483321925/legato_color_convert.o
 .text.leColorConvert
                0x23f054cc       0x28 build/lcdc_rgba8888_mxt_9x60_wvga/debug/_ext/1483321925/legato_color_convert.o
                0x23f054cc                leColorConvert
 .text.leColorBlend_RGBA_8888
                0x23f054f4      0x168 build/lcdc_rgba8888_mxt_9x60_wvga/debug/_ext/1483321925/legato_color_blend.o
                0x23f054f4                leColorBlend_RGBA_8888
 .text.leColorBlend_ARGB_8888
                0x23f0565c      0x14c build/lcdc_rgba8888_mxt_9x60_wvga/debug/_ext/1483321925/legato_color_blend.o
                0x23f0565c                leColorBlend_ARGB_8888
 .text.leQueryArcQuadrants
                0x23f057a8      0x124 build/lcdc_rgba8888_mxt_9x60_wvga/debug/_ext/1483321925/legato_math.o
 .text.leNormalizeAngle
                0x23f058cc       0x30 build/lcdc_rgba8888_mxt_9x60_wvga/debug/_ext/1483321925/legato_math.o
                0x23f058cc                leNormalizeAngle
 .text.leSin    0x23f058fc       0x80 build/lcdc_rgba8888_mxt_9x60_wvga/debug/_ext/1483321925/legato_math.o
                0x23f058fc                leSin
 .text.leCos    0x23f0597c       0x78 build/lcdc_rgba8888_mxt_9x60_wvga/debug/_ext/1483321925/legato_math.o
                0x23f0597c                leCos
 .text.lePolarToXY
                0x23f059f4       0x60 build/lcdc_rgba8888_mxt_9x60_wvga/debug/_ext/1483321925/legato_math.o
                0x23f059f4                lePolarToXY
 .text.leMini   0x23f05a54        0xc build/lcdc_rgba8888_mxt_9x60_wvga/debug/_ext/1483321925/legato_math.o
                0x23f05a54                leMini
 .text.leMaxi   0x23f05a60        0xc build/lcdc_rgba8888_mxt_9x60_wvga/debug/_ext/1483321925/legato_math.o
                0x23f05a60                leMaxi
 .text.leClampi
                0x23f05a6c       0x18 build/lcdc_rgba8888_mxt_9x60_wvga/debug/_ext/1483321925/legato_math.o
                0x23f05a6c                leClampi
 .text.lePercent
                0x23f05a84       0x1c build/lcdc_rgba8888_mxt_9x60_wvga/debug/_ext/1483321925/legato_math.o
                0x23f05a84                lePercent
 .text.lePercentWholeRounded
                0x23f05aa0       0x3c build/lcdc_rgba8888_mxt_9x60_wvga/debug/_ext/1483321925/legato_math.o
                0x23f05aa0                lePercentWholeRounded
 .text.lePercentOf
                0x23f05adc       0x58 build/lcdc_rgba8888_mxt_9x60_wvga/debug/_ext/1483321925/legato_math.o
                0x23f05adc                lePercentOf
 .text.leScaleInteger
                0x23f05b34       0x44 build/lcdc_rgba8888_mxt_9x60_wvga/debug/_ext/1483321925/legato_math.o
                0x23f05b34                leScaleInteger
 .text.leLerp   0x23f05b78       0x58 build/lcdc_rgba8888_mxt_9x60_wvga/debug/_ext/1483321925/legato_math.o
                0x23f05b78                leLerp
 .text.lePointOnLineSide
                0x23f05bd0       0x60 build/lcdc_rgba8888_mxt_9x60_wvga/debug/_ext/1483321925/legato_math.o
                0x23f05bd0                lePointOnLineSide
 .text.leRotatePoint
                0x23f05c30       0xbc build/lcdc_rgba8888_mxt_9x60_wvga/debug/_ext/1483321925/legato_math.o
                0x23f05c30                leRotatePoint
 .text.leRotatedRectBounds
                0x23f05cec      0x14c build/lcdc_rgba8888_mxt_9x60_wvga/debug/_ext/1483321925/legato_math.o
                0x23f05cec                leRotatedRectBounds
 .text.leSqrt   0x23f05e38       0x58 build/lcdc_rgba8888_mxt_9x60_wvga/debug/_ext/1483321925/legato_math.o
                0x23f05e38                leSqrt
 .text.lePointOnCircle
                0x23f05e90       0x30 build/lcdc_rgba8888_mxt_9x60_wvga/debug/_ext/1483321925/legato_math.o
                0x23f05e90                lePointOnCircle
 .text.leResolveAngles
                0x23f05ec0      0x2a8 build/lcdc_rgba8888_mxt_9x60_wvga/debug/_ext/1483321925/legato_math.o
                0x23f05ec0                leResolveAngles
 .text.leRound  0x23f06168       0xa0 build/lcdc_rgba8888_mxt_9x60_wvga/debug/_ext/1483321925/legato_math.o
                0x23f06168                leRound
 .text.leColorChannelAlpha
                0x23f06208       0x30 build/lcdc_rgba8888_mxt_9x60_wvga/debug/_ext/1483321925/legato_color.o
                0x23f06208                leColorChannelAlpha
 .text.leColorSwap
                0x23f06238       0xa8 build/lcdc_rgba8888_mxt_9x60_wvga/debug/_ext/1483321925/legato_color.o
                0x23f06238                leColorSwap
 .text.lerp_argb8888
                0x23f062e0       0x78 build/lcdc_rgba8888_mxt_9x60_wvga/debug/_ext/1483321925/legato_color_lerp.o
 .text.lerp_rgba8888
                0x23f06358       0x78 build/lcdc_rgba8888_mxt_9x60_wvga/debug/_ext/1483321925/legato_color_lerp.o
 .text.lerp_rgb888
                0x23f063d0       0x60 build/lcdc_rgba8888_mxt_9x60_wvga/debug/_ext/1483321925/legato_color_lerp.o
 .text.lerp_rgba5551
                0x23f06430       0x74 build/lcdc_rgba8888_mxt_9x60_wvga/debug/_ext/1483321925/legato_color_lerp.o
 .text.lerp_rgb565
                0x23f064a4       0x60 build/lcdc_rgba8888_mxt_9x60_wvga/debug/_ext/1483321925/legato_color_lerp.o
 .text.lerp_rgb332
                0x23f06504       0x60 build/lcdc_rgba8888_mxt_9x60_wvga/debug/_ext/1483321925/legato_color_lerp.o
 .text.lerp_gs8
                0x23f06564        0xc build/lcdc_rgba8888_mxt_9x60_wvga/debug/_ext/1483321925/legato_color_lerp.o
 .text.leColorLerp
                0x23f06570       0x40 build/lcdc_rgba8888_mxt_9x60_wvga/debug/_ext/1483321925/legato_color_lerp.o
                0x23f06570                leColorLerp
 .text.leColorBilerp
                0x23f065b0       0x5c build/lcdc_rgba8888_mxt_9x60_wvga/debug/_ext/1483321925/legato_color_lerp.o
                0x23f065b0                leColorBilerp
 .text.updateWidget
                0x23f0660c       0x4c build/lcdc_rgba8888_mxt_9x60_wvga/debug/_ext/1553762159/legato_state.o
 .text.leGetState
                0x23f06658        0xc build/lcdc_rgba8888_mxt_9x60_wvga/debug/_ext/1553762159/legato_state.o
                0x23f06658                leGetState
 .text.leAddLayer
                0x23f06664       0xb8 build/lcdc_rgba8888_mxt_9x60_wvga/debug/_ext/1553762159/legato_state.o
                0x23f06664                leAddLayer
 .text.leInitialize
                0x23f0671c       0xa8 build/lcdc_rgba8888_mxt_9x60_wvga/debug/_ext/1553762159/legato_state.o
                0x23f0671c                leInitialize
 .text.leGetLayerState
                0x23f067c4       0x50 build/lcdc_rgba8888_mxt_9x60_wvga/debug/_ext/1553762159/legato_state.o
                0x23f067c4                leGetLayerState
 .text.leGetLayerColorMode
                0x23f06814       0x54 build/lcdc_rgba8888_mxt_9x60_wvga/debug/_ext/1553762159/legato_state.o
                0x23f06814                leGetLayerColorMode
 .text.leGetLayerRenderHorizontal
                0x23f06868       0x54 build/lcdc_rgba8888_mxt_9x60_wvga/debug/_ext/1553762159/legato_state.o
                0x23f06868                leGetLayerRenderHorizontal
 .text.leGetFocusWidget
                0x23f068bc       0x10 build/lcdc_rgba8888_mxt_9x60_wvga/debug/_ext/1553762159/legato_state.o
                0x23f068bc                leGetFocusWidget
 .text.leSetFocusWidget
                0x23f068cc       0x84 build/lcdc_rgba8888_mxt_9x60_wvga/debug/_ext/1553762159/legato_state.o
                0x23f068cc                leSetFocusWidget
 .text.leGetEditWidget
                0x23f06950       0x10 build/lcdc_rgba8888_mxt_9x60_wvga/debug/_ext/1553762159/legato_state.o
                0x23f06950                leGetEditWidget
 .text.leSetEditWidget
                0x23f06960       0x84 build/lcdc_rgba8888_mxt_9x60_wvga/debug/_ext/1553762159/legato_state.o
                0x23f06960                leSetEditWidget
 .text.leRedrawAll
                0x23f069e4       0x50 build/lcdc_rgba8888_mxt_9x60_wvga/debug/_ext/1553762159/legato_state.o
                0x23f069e4                leRedrawAll
 .text.leSetLayerColorMode
                0x23f06a34       0x74 build/lcdc_rgba8888_mxt_9x60_wvga/debug/_ext/1553762159/legato_state.o
                0x23f06a34                leSetLayerColorMode
 .text.leSetStringTable
                0x23f06aa8       0x18 build/lcdc_rgba8888_mxt_9x60_wvga/debug/_ext/1553762159/legato_state.o
                0x23f06aa8                leSetStringTable
 .text.leIsDrawing
                0x23f06ac0       0x14 build/lcdc_rgba8888_mxt_9x60_wvga/debug/_ext/1553762159/legato_state.o
                0x23f06ac0                leIsDrawing
 .text.leUpdate
                0x23f06ad4      0x114 build/lcdc_rgba8888_mxt_9x60_wvga/debug/_ext/1553762159/legato_state.o
                0x23f06ad4                leUpdate
 .text.leAddRootWidget
                0x23f06be8       0x68 build/lcdc_rgba8888_mxt_9x60_wvga/debug/_ext/1553762159/legato_state.o
                0x23f06be8                leAddRootWidget
 .text.leRemoveRootWidget
                0x23f06c50       0x74 build/lcdc_rgba8888_mxt_9x60_wvga/debug/_ext/1553762159/legato_state.o
                0x23f06c50                leRemoveRootWidget
 .text.leGetWidgetLayer
                0x23f06cc4       0x8c build/lcdc_rgba8888_mxt_9x60_wvga/debug/_ext/1553762159/legato_state.o
                0x23f06cc4                leGetWidgetLayer
 .text.leWidgetIsInScene
                0x23f06d50       0x14 build/lcdc_rgba8888_mxt_9x60_wvga/debug/_ext/1553762159/legato_state.o
                0x23f06d50                leWidgetIsInScene
 .text._leGetEventState
                0x23f06d64        0xc build/lcdc_rgba8888_mxt_9x60_wvga/debug/_ext/1553762159/legato_event.o
                0x23f06d64                _leGetEventState
 .text.leEvent_Init
                0x23f06d70       0x20 build/lcdc_rgba8888_mxt_9x60_wvga/debug/_ext/1553762159/legato_event.o
                0x23f06d70                leEvent_Init
 .text.leEvent_AddEvent
                0x23f06d90       0x28 build/lcdc_rgba8888_mxt_9x60_wvga/debug/_ext/1553762159/legato_event.o
                0x23f06d90                leEvent_AddEvent
 .text.leEvent_ProcessEvents
                0x23f06db8       0xb4 build/lcdc_rgba8888_mxt_9x60_wvga/debug/_ext/1553762159/legato_event.o
                0x23f06db8                leEvent_ProcessEvents
 .text.leWidgetEvent_Accept
                0x23f06e6c       0x14 build/lcdc_rgba8888_mxt_9x60_wvga/debug/_ext/1553762159/legato_event.o
                0x23f06e6c                leWidgetEvent_Accept
 .text.leInput_Init
                0x23f06e80       0x2c build/lcdc_rgba8888_mxt_9x60_wvga/debug/_ext/1553762159/legato_input.o
                0x23f06e80                leInput_Init
 .text.leInput_InjectTouchDown
                0x23f06eac       0xd8 build/lcdc_rgba8888_mxt_9x60_wvga/debug/_ext/1553762159/legato_input.o
                0x23f06eac                leInput_InjectTouchDown
 .text.leInput_InjectTouchUp
                0x23f06f84       0xb4 build/lcdc_rgba8888_mxt_9x60_wvga/debug/_ext/1553762159/legato_input.o
                0x23f06f84                leInput_InjectTouchUp
 .text.leInput_InjectTouchMoved
                0x23f07038      0x12c build/lcdc_rgba8888_mxt_9x60_wvga/debug/_ext/1553762159/legato_input.o
                0x23f07038                leInput_InjectTouchMoved
 .text.handleTouchDown
                0x23f07164      0x118 build/lcdc_rgba8888_mxt_9x60_wvga/debug/_ext/1553762159/legato_input.o
                0x23f07164                handleTouchDown
 .text.handleTouchUp
                0x23f0727c       0x70 build/lcdc_rgba8888_mxt_9x60_wvga/debug/_ext/1553762159/legato_input.o
                0x23f0727c                handleTouchUp
 .text.handleTouchMoved
                0x23f072ec       0x70 build/lcdc_rgba8888_mxt_9x60_wvga/debug/_ext/1553762159/legato_input.o
                0x23f072ec                handleTouchMoved
 .text._leInput_HandleInputEvent
                0x23f0735c       0x40 build/lcdc_rgba8888_mxt_9x60_wvga/debug/_ext/1553762159/legato_input.o
                0x23f0735c                _leInput_HandleInputEvent
 .text.leScheme_GetRenderColor
                0x23f0739c       0x38 build/lcdc_rgba8888_mxt_9x60_wvga/debug/_ext/1553762159/legato_scheme.o
                0x23f0739c                leScheme_GetRenderColor
 .text._shuffleRight
                0x23f073d4       0x78 build/lcdc_rgba8888_mxt_9x60_wvga/debug/_ext/1653592263/legato_array.o
 .text._shuffleLeft
                0x23f0744c       0x5c build/lcdc_rgba8888_mxt_9x60_wvga/debug/_ext/1653592263/legato_array.o
 .text.leArray_Create
                0x23f074a8       0x1c build/lcdc_rgba8888_mxt_9x60_wvga/debug/_ext/1653592263/legato_array.o
                0x23f074a8                leArray_Create
 .text.leArray_Resize
                0x23f074c4       0x70 build/lcdc_rgba8888_mxt_9x60_wvga/debug/_ext/1653592263/legato_array.o
                0x23f074c4                leArray_Resize
 .text.leArray_PushBack
                0x23f07534       0x60 build/lcdc_rgba8888_mxt_9x60_wvga/debug/_ext/1653592263/legato_array.o
                0x23f07534                leArray_PushBack
 .text.leArray_InsertAt
                0x23f07594       0x9c build/lcdc_rgba8888_mxt_9x60_wvga/debug/_ext/1653592263/legato_array.o
                0x23f07594                leArray_InsertAt
 .text.leArray_RemoveAt
                0x23f07630       0x38 build/lcdc_rgba8888_mxt_9x60_wvga/debug/_ext/1653592263/legato_array.o
                0x23f07630                leArray_RemoveAt
 .text.leArray_Get
                0x23f07668       0x18 build/lcdc_rgba8888_mxt_9x60_wvga/debug/_ext/1653592263/legato_array.o
                0x23f07668                leArray_Get
 .text.leArray_Find
                0x23f07680       0x68 build/lcdc_rgba8888_mxt_9x60_wvga/debug/_ext/1653592263/legato_array.o
                0x23f07680                leArray_Find
 .text.leArray_Remove
                0x23f076e8       0x58 build/lcdc_rgba8888_mxt_9x60_wvga/debug/_ext/1653592263/legato_array.o
                0x23f076e8                leArray_Remove
 .text.leArray_Clear
                0x23f07740       0x38 build/lcdc_rgba8888_mxt_9x60_wvga/debug/_ext/1653592263/legato_array.o
                0x23f07740                leArray_Clear
 .text.leList_Create
                0x23f07778       0x1c build/lcdc_rgba8888_mxt_9x60_wvga/debug/_ext/1653592263/legato_list.o
                0x23f07778                leList_Create
 .text.leList_PushBack
                0x23f07794       0x68 build/lcdc_rgba8888_mxt_9x60_wvga/debug/_ext/1653592263/legato_list.o
                0x23f07794                leList_PushBack
 .text.leList_Get
                0x23f077fc       0x44 build/lcdc_rgba8888_mxt_9x60_wvga/debug/_ext/1653592263/legato_list.o
                0x23f077fc                leList_Get
 .text.leList_Remove
                0x23f07840       0xbc build/lcdc_rgba8888_mxt_9x60_wvga/debug/_ext/1653592263/legato_list.o
                0x23f07840                leList_Remove
 .text.leList_Destroy
                0x23f078fc       0x4c build/lcdc_rgba8888_mxt_9x60_wvga/debug/_ext/1653592263/legato_list.o
                0x23f078fc                leList_Destroy
 .text._shuffleLeft
                0x23f07948       0xac build/lcdc_rgba8888_mxt_9x60_wvga/debug/_ext/1653592263/legato_rectarray.o
 .text.leRectArray_Create
                0x23f079f4       0x1c build/lcdc_rgba8888_mxt_9x60_wvga/debug/_ext/1653592263/legato_rectarray.o
                0x23f079f4                leRectArray_Create
 .text.leRectArray_Resize
                0x23f07a10       0x7c build/lcdc_rgba8888_mxt_9x60_wvga/debug/_ext/1653592263/legato_rectarray.o
                0x23f07a10                leRectArray_Resize
 .text.leRectArray_PushBack
                0x23f07a8c       0x70 build/lcdc_rgba8888_mxt_9x60_wvga/debug/_ext/1653592263/legato_rectarray.o
                0x23f07a8c                leRectArray_PushBack
 .text.leRectArray_RemoveAt
                0x23f07afc       0x38 build/lcdc_rgba8888_mxt_9x60_wvga/debug/_ext/1653592263/legato_rectarray.o
                0x23f07afc                leRectArray_RemoveAt
 .text.leRectArray_Copy
                0x23f07b34       0x74 build/lcdc_rgba8888_mxt_9x60_wvga/debug/_ext/1653592263/legato_rectarray.o
                0x23f07b34                leRectArray_Copy
 .text.leRectArray_Clear
                0x23f07ba8       0x14 build/lcdc_rgba8888_mxt_9x60_wvga/debug/_ext/1653592263/legato_rectarray.o
                0x23f07ba8                leRectArray_Clear
 .text.leRectArray_Destroy
                0x23f07bbc       0x3c build/lcdc_rgba8888_mxt_9x60_wvga/debug/_ext/1653592263/legato_rectarray.o
                0x23f07bbc                leRectArray_Destroy
 .text.leRectArray_RemoveDuplicates
                0x23f07bf8       0x90 build/lcdc_rgba8888_mxt_9x60_wvga/debug/_ext/1653592263/legato_rectarray.o
                0x23f07bf8                leRectArray_RemoveDuplicates
 .text.leRectArray_SortBySize
                0x23f07c88       0xdc build/lcdc_rgba8888_mxt_9x60_wvga/debug/_ext/1653592263/legato_rectarray.o
                0x23f07c88                leRectArray_SortBySize
 .text.leRectArray_SortByX
                0x23f07d64       0xfc build/lcdc_rgba8888_mxt_9x60_wvga/debug/_ext/1653592263/legato_rectarray.o
                0x23f07d64                leRectArray_SortByX
 .text.leRectArray_SortByY
                0x23f07e60       0xf4 build/lcdc_rgba8888_mxt_9x60_wvga/debug/_ext/1653592263/legato_rectarray.o
                0x23f07e60                leRectArray_SortByY
 .text.leRectArray_MergeSimilar
                0x23f07f54       0x98 build/lcdc_rgba8888_mxt_9x60_wvga/debug/_ext/1653592263/legato_rectarray.o
                0x23f07f54                leRectArray_MergeSimilar
 .text.leRectArray_RemoveOverlapping
                0x23f07fec       0x84 build/lcdc_rgba8888_mxt_9x60_wvga/debug/_ext/1653592263/legato_rectarray.o
                0x23f07fec                leRectArray_RemoveOverlapping
 .text.leRectArray_PadRectangleWidth
                0x23f08070      0x120 build/lcdc_rgba8888_mxt_9x60_wvga/debug/_ext/1653592263/legato_rectarray.o
                0x23f08070                leRectArray_PadRectangleWidth
 .text.leRectArray_CropToSizeY
                0x23f08190      0x134 build/lcdc_rgba8888_mxt_9x60_wvga/debug/_ext/1653592263/legato_rectarray.o
                0x23f08190                leRectArray_CropToSizeY
 .text.leRectArray_CropToSizeX
                0x23f082c4      0x134 build/lcdc_rgba8888_mxt_9x60_wvga/debug/_ext/1653592263/legato_rectarray.o
                0x23f082c4                leRectArray_CropToSizeX
 .text.drawGlyphRow8bpp
                0x23f083f8       0xf8 build/lcdc_rgba8888_mxt_9x60_wvga/debug/_ext/1553851423/legato_font.o
 .text.drawGlyphRow1bpp
                0x23f084f0       0xd0 build/lcdc_rgba8888_mxt_9x60_wvga/debug/_ext/1553851423/legato_font.o
 .text.drawGlyphRow8bppMono
                0x23f085c0       0x5c build/lcdc_rgba8888_mxt_9x60_wvga/debug/_ext/1553851423/legato_font.o
 .text.drawGlyphRow1bppMono
                0x23f0861c       0x64 build/lcdc_rgba8888_mxt_9x60_wvga/debug/_ext/1553851423/legato_font.o
 .text._drawUnknownGlyph
                0x23f08680       0xf4 build/lcdc_rgba8888_mxt_9x60_wvga/debug/_ext/1553851423/legato_font.o
 .text.leFont_GetGlyphInfo
                0x23f08774       0xe0 build/lcdc_rgba8888_mxt_9x60_wvga/debug/_ext/1553851423/legato_font.o
                0x23f08774                leFont_GetGlyphInfo
 .text.leFont_DrawGlyphData
                0x23f08854      0x12c build/lcdc_rgba8888_mxt_9x60_wvga/debug/_ext/1553851423/legato_font.o
                0x23f08854                leFont_DrawGlyphData
 .text.leFont_DrawGlyphData_Lookup
                0x23f08980      0x300 build/lcdc_rgba8888_mxt_9x60_wvga/debug/_ext/1553851423/legato_font.o
                0x23f08980                leFont_DrawGlyphData_Lookup
 .text.leFont_DrawGlyph
                0x23f08c80       0xa4 build/lcdc_rgba8888_mxt_9x60_wvga/debug/_ext/1553851423/legato_font.o
                0x23f08c80                leFont_DrawGlyph
 .text.leFont_DrawGlyph_Lookup
                0x23f08d24       0xb4 build/lcdc_rgba8888_mxt_9x60_wvga/debug/_ext/1553851423/legato_font.o
                0x23f08d24                leFont_DrawGlyph_Lookup
 .text.screenInit_Screen0
                0x23f08dd8       0x28 build/lcdc_rgba8888_mxt_9x60_wvga/debug/_ext/1849858236/le_gen_screen_Screen0.o
                0x23f08dd8                screenInit_Screen0
 .text.screenShow_Screen0
                0x23f08e00     0x1b54 build/lcdc_rgba8888_mxt_9x60_wvga/debug/_ext/1849858236/le_gen_screen_Screen0.o
                0x23f08e00                screenShow_Screen0
 .text.screenUpdate_Screen0
                0x23f0a954       0x88 build/lcdc_rgba8888_mxt_9x60_wvga/debug/_ext/1849858236/le_gen_screen_Screen0.o
                0x23f0a954                screenUpdate_Screen0
 .text.screenHide_Screen0
                0x23f0a9dc      0x254 build/lcdc_rgba8888_mxt_9x60_wvga/debug/_ext/1849858236/le_gen_screen_Screen0.o
                0x23f0a9dc                screenHide_Screen0
 .text.legato_showScreen
                0x23f0ac30       0x1c build/lcdc_rgba8888_mxt_9x60_wvga/debug/_ext/1247075393/le_gen_init.o
                0x23f0ac30                legato_showScreen
 .text.legato_initializeScreenState
                0x23f0ac4c       0x40 build/lcdc_rgba8888_mxt_9x60_wvga/debug/_ext/1247075393/le_gen_init.o
                0x23f0ac4c                legato_initializeScreenState
 .text.legato_updateScreenState
                0x23f0ac8c       0x8c build/lcdc_rgba8888_mxt_9x60_wvga/debug/_ext/1247075393/le_gen_init.o
                0x23f0ac8c                legato_updateScreenState
 .text.initializeStrings
                0x23f0ad18       0x48 build/lcdc_rgba8888_mxt_9x60_wvga/debug/_ext/1247075393/le_gen_stringtable.o
                0x23f0ad18                initializeStrings
 .text.touchMoveHandler
                0x23f0ad60       0x18 build/lcdc_rgba8888_mxt_9x60_wvga/debug/_ext/1247075393/le_gen_harmony.o
 .text.touchUpHandler
                0x23f0ad78       0x18 build/lcdc_rgba8888_mxt_9x60_wvga/debug/_ext/1247075393/le_gen_harmony.o
 .text.touchDownHandler
                0x23f0ad90       0x18 build/lcdc_rgba8888_mxt_9x60_wvga/debug/_ext/1247075393/le_gen_harmony.o
 .text.Legato_Initialize
                0x23f0ada8       0x98 build/lcdc_rgba8888_mxt_9x60_wvga/debug/_ext/1247075393/le_gen_harmony.o
                0x23f0ada8                Legato_Initialize
 .text.Legato_Tasks
                0x23f0ae40       0x4c build/lcdc_rgba8888_mxt_9x60_wvga/debug/_ext/1247075393/le_gen_harmony.o
                0x23f0ae40                Legato_Tasks
 .text._supportsImage
                0x23f0ae8c       0x28 build/lcdc_rgba8888_mxt_9x60_wvga/debug/_ext/1797725076/legato_imagedecoder_jpeg.o
 .text.internalMemoryRead
                0x23f0aeb4       0x48 build/lcdc_rgba8888_mxt_9x60_wvga/debug/_ext/1797725076/legato_imagedecoder_jpeg.o
 .text.exec     0x23f0aefc        0x8 build/lcdc_rgba8888_mxt_9x60_wvga/debug/_ext/1797725076/legato_imagedecoder_jpeg.o
 .text._render  0x23f0af04      0x1fc build/lcdc_rgba8888_mxt_9x60_wvga/debug/_ext/1797725076/legato_imagedecoder_jpeg.o
 .text._draw    0x23f0b100      0x20c build/lcdc_rgba8888_mxt_9x60_wvga/debug/_ext/1797725076/legato_imagedecoder_jpeg.o
 .text.blitToImage
                0x23f0b30c       0xa4 build/lcdc_rgba8888_mxt_9x60_wvga/debug/_ext/1797725076/legato_imagedecoder_jpeg.o
 .text.blitToFrameBuffer
                0x23f0b3b0       0x98 build/lcdc_rgba8888_mxt_9x60_wvga/debug/_ext/1797725076/legato_imagedecoder_jpeg.o
 .text._leJPEGImageDecoder_Init
                0x23f0b448       0x5c build/lcdc_rgba8888_mxt_9x60_wvga/debug/_ext/1797725076/legato_imagedecoder_jpeg.o
                0x23f0b448                _leJPEGImageDecoder_Init
 .text.JPEG_wReadWord
                0x23f0b4a4       0x50 build/lcdc_rgba8888_mxt_9x60_wvga/debug/_ext/1797725076/legato_imagedecoder_jpeg_common.o
 .text.JPEG_bReadByte
                0x23f0b4f4       0x2c build/lcdc_rgba8888_mxt_9x60_wvga/debug/_ext/1797725076/legato_imagedecoder_jpeg_common.o
 .text.JPEG_bGet1Bit
                0x23f0b520      0x154 build/lcdc_rgba8888_mxt_9x60_wvga/debug/_ext/1797725076/legato_imagedecoder_jpeg_common.o
 .text.JPEG_wGetBits
                0x23f0b674       0x4c build/lcdc_rgba8888_mxt_9x60_wvga/debug/_ext/1797725076/legato_imagedecoder_jpeg_common.o
 .text.JPEG_sGetBitsValue
                0x23f0b6c0       0x50 build/lcdc_rgba8888_mxt_9x60_wvga/debug/_ext/1797725076/legato_imagedecoder_jpeg_common.o
 .text.JPEG_bGetNextHuffByte
                0x23f0b710       0x98 build/lcdc_rgba8888_mxt_9x60_wvga/debug/_ext/1797725076/legato_imagedecoder_jpeg_common.o
 .text.JPEG_vResetDecoder
                0x23f0b7a8       0x20 build/lcdc_rgba8888_mxt_9x60_wvga/debug/_ext/1797725076/legato_imagedecoder_jpeg_common.o
                0x23f0b7a8                JPEG_vResetDecoder
 .text.JPEG_bReadHeader
                0x23f0b7c8      0x7c8 build/lcdc_rgba8888_mxt_9x60_wvga/debug/_ext/1797725076/legato_imagedecoder_jpeg_common.o
                0x23f0b7c8                JPEG_bReadHeader
 .text.JPEG_bGenerateHuffmanTables
                0x23f0bf90       0x90 build/lcdc_rgba8888_mxt_9x60_wvga/debug/_ext/1797725076/legato_imagedecoder_jpeg_common.o
                0x23f0bf90                JPEG_bGenerateHuffmanTables
 .text.JPEG_bDecodeOneBlock
                0x23f0c020      0x270 build/lcdc_rgba8888_mxt_9x60_wvga/debug/_ext/1797725076/legato_imagedecoder_jpeg_common.o
                0x23f0c020                JPEG_bDecodeOneBlock
 .text.JPEG_vInitDisplay
                0x23f0c290       0x10 build/lcdc_rgba8888_mxt_9x60_wvga/debug/_ext/1797725076/legato_imagedecoder_jpeg_common.o
                0x23f0c290                JPEG_vInitDisplay
 .text.JPEG_bPaintOneBlock
                0x23f0c2a0      0x9c4 build/lcdc_rgba8888_mxt_9x60_wvga/debug/_ext/1797725076/legato_imagedecoder_jpeg_common.o
                0x23f0c2a0                JPEG_bPaintOneBlock
 .text.jpeg_idct_islow_leg
                0x23f0cc64      0x514 build/lcdc_rgba8888_mxt_9x60_wvga/debug/_ext/1797725076/jidctint.o
                0x23f0cc64                jpeg_idct_islow_leg
 .text._supportsImage
                0x23f0d178       0x14 build/lcdc_rgba8888_mxt_9x60_wvga/debug/_ext/1797636377/legato_imagedecoder_mono.o
 .text._decoderCleanup
                0x23f0d18c       0x64 build/lcdc_rgba8888_mxt_9x60_wvga/debug/_ext/1797636377/legato_imagedecoder_mono.o
 .text._decoderExec
                0x23f0d1f0       0x84 build/lcdc_rgba8888_mxt_9x60_wvga/debug/_ext/1797636377/legato_imagedecoder_mono.o
 .text._decoderIsDone
                0x23f0d274       0x10 build/lcdc_rgba8888_mxt_9x60_wvga/debug/_ext/1797636377/legato_imagedecoder_mono.o
 .text.stage_sourceIterateSetup
                0x23f0d284       0xb4 build/lcdc_rgba8888_mxt_9x60_wvga/debug/_ext/1797636377/legato_imagedecoder_mono.o
 .text.stage_FrameBufferWrite
                0x23f0d338       0x20 build/lcdc_rgba8888_mxt_9x60_wvga/debug/_ext/1797636377/legato_imagedecoder_mono.o
 .text.stage_ImageWrite
                0x23f0d358       0x28 build/lcdc_rgba8888_mxt_9x60_wvga/debug/_ext/1797636377/legato_imagedecoder_mono.o
 .text._leMonoImageDecoder_Init
                0x23f0d380       0x84 build/lcdc_rgba8888_mxt_9x60_wvga/debug/_ext/1797636377/legato_imagedecoder_mono.o
                0x23f0d380                _leMonoImageDecoder_Init
 .text._leMonoImageDecoder_InjectStage
                0x23f0d404       0x38 build/lcdc_rgba8888_mxt_9x60_wvga/debug/_ext/1797636377/legato_imagedecoder_mono.o
                0x23f0d404                _leMonoImageDecoder_InjectStage
 .text._leMonoImageDecoder_SourceIterateSetupStage
                0x23f0d43c       0x38 build/lcdc_rgba8888_mxt_9x60_wvga/debug/_ext/1797636377/legato_imagedecoder_mono.o
                0x23f0d43c                _leMonoImageDecoder_SourceIterateSetupStage
 .text._leMonoImageDecoder_FrameBufferWriteStage
                0x23f0d474       0x30 build/lcdc_rgba8888_mxt_9x60_wvga/debug/_ext/1797636377/legato_imagedecoder_mono.o
                0x23f0d474                _leMonoImageDecoder_FrameBufferWriteStage
 .text._draw    0x23f0d4a4      0x154 build/lcdc_rgba8888_mxt_9x60_wvga/debug/_ext/1797636377/legato_imagedecoder_mono.o
 .text._leMonoImageDecoder_ImageWriteStage
                0x23f0d5f8       0x30 build/lcdc_rgba8888_mxt_9x60_wvga/debug/_ext/1797636377/legato_imagedecoder_mono.o
                0x23f0d5f8                _leMonoImageDecoder_ImageWriteStage
 .text._copy    0x23f0d628      0x190 build/lcdc_rgba8888_mxt_9x60_wvga/debug/_ext/1797636377/legato_imagedecoder_mono.o
 .text.stage_decode
                0x23f0d7b8       0x3c build/lcdc_rgba8888_mxt_9x60_wvga/debug/_ext/1797636377/legato_imagedecoder_mono_read_internal.o
 .text._leMonoImageDecoder_ReadStage_Internal
                0x23f0d7f4       0x30 build/lcdc_rgba8888_mxt_9x60_wvga/debug/_ext/1797636377/legato_imagedecoder_mono_read_internal.o
                0x23f0d7f4                _leMonoImageDecoder_ReadStage_Internal
 .text._supportsImage
                0x23f0d824       0x28 build/lcdc_rgba8888_mxt_9x60_wvga/debug/_ext/1881677221/legato_imagedecoder_png.o
 .text._decoderCleanup
                0x23f0d84c        0x4 build/lcdc_rgba8888_mxt_9x60_wvga/debug/_ext/1881677221/legato_imagedecoder_png.o
 .text._decoderExec
                0x23f0d850        0x8 build/lcdc_rgba8888_mxt_9x60_wvga/debug/_ext/1881677221/legato_imagedecoder_png.o
 .text._decoderIsDone
                0x23f0d858        0x8 build/lcdc_rgba8888_mxt_9x60_wvga/debug/_ext/1881677221/legato_imagedecoder_png.o
 .text._render  0x23f0d860       0xf4 build/lcdc_rgba8888_mxt_9x60_wvga/debug/_ext/1881677221/legato_imagedecoder_png.o
 .text._draw    0x23f0d954      0x1f0 build/lcdc_rgba8888_mxt_9x60_wvga/debug/_ext/1881677221/legato_imagedecoder_png.o
 .text._lePNGImageDecoder_Init
                0x23f0db44       0x6c build/lcdc_rgba8888_mxt_9x60_wvga/debug/_ext/1881677221/legato_imagedecoder_png.o
                0x23f0db44                _lePNGImageDecoder_Init
 .text.readBitsFromStream
                0x23f0dbb0       0x50 build/lcdc_rgba8888_mxt_9x60_wvga/debug/_ext/1881677221/lodepng.o
 .text.huffmanDecodeSymbol
                0x23f0dc00       0x64 build/lcdc_rgba8888_mxt_9x60_wvga/debug/_ext/1881677221/lodepng.o
 .text.readBitFromReversedStream
                0x23f0dc64       0x24 build/lcdc_rgba8888_mxt_9x60_wvga/debug/_ext/1881677221/lodepng.o
 .text.readBitsFromReversedStream
                0x23f0dc88       0x48 build/lcdc_rgba8888_mxt_9x60_wvga/debug/_ext/1881677221/lodepng.o
 .text.getNumColorChannels
                0x23f0dcd0       0x50 build/lcdc_rgba8888_mxt_9x60_wvga/debug/_ext/1881677221/lodepng.o
 .text.lodepng_color_mode_equal
                0x23f0dd20      0x120 build/lcdc_rgba8888_mxt_9x60_wvga/debug/_ext/1881677221/lodepng.o
 .text.addColorBits
                0x23f0de40       0x50 build/lcdc_rgba8888_mxt_9x60_wvga/debug/_ext/1881677221/lodepng.o
 .text.getPixelColorsRGBA8
                0x23f0de90      0x51c build/lcdc_rgba8888_mxt_9x60_wvga/debug/_ext/1881677221/lodepng.o
 .text.Adam7_getpassvalues
                0x23f0e3ac      0x18c build/lcdc_rgba8888_mxt_9x60_wvga/debug/_ext/1881677221/lodepng.o
 .text.unfilter
                0x23f0e538      0x424 build/lcdc_rgba8888_mxt_9x60_wvga/debug/_ext/1881677221/lodepng.o
 .text.removePaddingBits
                0x23f0e95c       0xa4 build/lcdc_rgba8888_mxt_9x60_wvga/debug/_ext/1881677221/lodepng.o
 .text.ucvector_reserve
                0x23f0ea00       0x58 build/lcdc_rgba8888_mxt_9x60_wvga/debug/_ext/1881677221/lodepng.o
 .text.ucvector_resize
                0x23f0ea58       0x20 build/lcdc_rgba8888_mxt_9x60_wvga/debug/_ext/1881677221/lodepng.o
 .text.ucvector_push_back
                0x23f0ea78       0x34 build/lcdc_rgba8888_mxt_9x60_wvga/debug/_ext/1881677221/lodepng.o
 .text.color_tree_cleanup
                0x23f0eaac       0x34 build/lcdc_rgba8888_mxt_9x60_wvga/debug/_ext/1881677221/lodepng.o
 .text.LodePNGIText_cleanup
                0x23f0eae0       0x90 build/lcdc_rgba8888_mxt_9x60_wvga/debug/_ext/1881677221/lodepng.o
 .text.LodePNGText_cleanup
                0x23f0eb70       0x60 build/lcdc_rgba8888_mxt_9x60_wvga/debug/_ext/1881677221/lodepng.o
 .text.HuffmanTree_cleanup
                0x23f0ebd0       0x24 build/lcdc_rgba8888_mxt_9x60_wvga/debug/_ext/1881677221/lodepng.o
 .text.string_set
                0x23f0ebf4       0x68 build/lcdc_rgba8888_mxt_9x60_wvga/debug/_ext/1881677221/lodepng.o
 .text.string_init
                0x23f0ec5c       0x2c build/lcdc_rgba8888_mxt_9x60_wvga/debug/_ext/1881677221/lodepng.o
 .text.uivector_reserve
                0x23f0ec88       0x58 build/lcdc_rgba8888_mxt_9x60_wvga/debug/_ext/1881677221/lodepng.o
 .text.HuffmanTree_makeFromLengths
                0x23f0ece0      0x424 build/lcdc_rgba8888_mxt_9x60_wvga/debug/_ext/1881677221/lodepng.o
 .text.lodepng_read32bitInt
                0x23f0f104       0x24 build/lcdc_rgba8888_mxt_9x60_wvga/debug/_ext/1881677221/lodepng.o
                0x23f0f104                lodepng_read32bitInt
 .text.lodepng_inflate
                0x23f0f128      0x998 build/lcdc_rgba8888_mxt_9x60_wvga/debug/_ext/1881677221/lodepng.o
                0x23f0f128                lodepng_inflate
 .text.lodepng_zlib_decompress
                0x23f0fac0      0x198 build/lcdc_rgba8888_mxt_9x60_wvga/debug/_ext/1881677221/lodepng.o
                0x23f0fac0                lodepng_zlib_decompress
 .text.zlib_decompress
                0x23f0fc58       0x34 build/lcdc_rgba8888_mxt_9x60_wvga/debug/_ext/1881677221/lodepng.o
 .text.lodepng_crc32
                0x23f0fc8c       0x4c build/lcdc_rgba8888_mxt_9x60_wvga/debug/_ext/1881677221/lodepng.o
                0x23f0fc8c                lodepng_crc32
 .text.lodepng_chunk_type_equals
                0x23f0fcd8       0x80 build/lcdc_rgba8888_mxt_9x60_wvga/debug/_ext/1881677221/lodepng.o
                0x23f0fcd8                lodepng_chunk_type_equals
 .text.lodepng_chunk_check_crc
                0x23f0fd58       0x38 build/lcdc_rgba8888_mxt_9x60_wvga/debug/_ext/1881677221/lodepng.o
                0x23f0fd58                lodepng_chunk_check_crc
 .text.lodepng_chunk_next_const
                0x23f0fd90       0x18 build/lcdc_rgba8888_mxt_9x60_wvga/debug/_ext/1881677221/lodepng.o
                0x23f0fd90                lodepng_chunk_next_const
 .text.lodepng_chunk_append
                0x23f0fda8       0xa4 build/lcdc_rgba8888_mxt_9x60_wvga/debug/_ext/1881677221/lodepng.o
                0x23f0fda8                lodepng_chunk_append
 .text.lodepng_color_mode_init
                0x23f0fe4c       0x30 build/lcdc_rgba8888_mxt_9x60_wvga/debug/_ext/1881677221/lodepng.o
                0x23f0fe4c                lodepng_color_mode_init
 .text.lodepng_palette_clear
                0x23f0fe7c       0x28 build/lcdc_rgba8888_mxt_9x60_wvga/debug/_ext/1881677221/lodepng.o
                0x23f0fe7c                lodepng_palette_clear
 .text.lodepng_color_mode_copy
                0x23f0fea4       0x98 build/lcdc_rgba8888_mxt_9x60_wvga/debug/_ext/1881677221/lodepng.o
                0x23f0fea4                lodepng_color_mode_copy
 .text.lodepng_get_bpp
                0x23f0ff3c       0x1c build/lcdc_rgba8888_mxt_9x60_wvga/debug/_ext/1881677221/lodepng.o
                0x23f0ff3c                lodepng_get_bpp
 .text.lodepng_get_raw_size_idat
                0x23f0ff58       0x34 build/lcdc_rgba8888_mxt_9x60_wvga/debug/_ext/1881677221/lodepng.o
 .text.lodepng_get_raw_size
                0x23f0ff8c       0x38 build/lcdc_rgba8888_mxt_9x60_wvga/debug/_ext/1881677221/lodepng.o
                0x23f0ff8c                lodepng_get_raw_size
 .text.lodepng_add_text
                0x23f0ffc4       0xcc build/lcdc_rgba8888_mxt_9x60_wvga/debug/_ext/1881677221/lodepng.o
                0x23f0ffc4                lodepng_add_text
 .text.lodepng_add_itext
                0x23f10090      0x17c build/lcdc_rgba8888_mxt_9x60_wvga/debug/_ext/1881677221/lodepng.o
                0x23f10090                lodepng_add_itext
 .text.lodepng_info_init
                0x23f1020c       0x74 build/lcdc_rgba8888_mxt_9x60_wvga/debug/_ext/1881677221/lodepng.o
                0x23f1020c                lodepng_info_init
 .text.lodepng_info_cleanup
                0x23f10280       0x3c build/lcdc_rgba8888_mxt_9x60_wvga/debug/_ext/1881677221/lodepng.o
                0x23f10280                lodepng_info_cleanup
 .text.lodepng_convert
                0x23f102bc      0xbb8 build/lcdc_rgba8888_mxt_9x60_wvga/debug/_ext/1881677221/lodepng.o
                0x23f102bc                lodepng_convert
 .text.lodepng_inspect
                0x23f10e74      0x290 build/lcdc_rgba8888_mxt_9x60_wvga/debug/_ext/1881677221/lodepng.o
                0x23f10e74                lodepng_inspect
 .text.lodepng_decode
                0x23f11104     0x1740 build/lcdc_rgba8888_mxt_9x60_wvga/debug/_ext/1881677221/lodepng.o
                0x23f11104                lodepng_decode
 .text.lodepng_decoder_settings_init
                0x23f12844       0x2c build/lcdc_rgba8888_mxt_9x60_wvga/debug/_ext/1881677221/lodepng.o
                0x23f12844                lodepng_decoder_settings_init
 .text.lodepng_state_init
                0x23f12870       0x28 build/lcdc_rgba8888_mxt_9x60_wvga/debug/_ext/1881677221/lodepng.o
                0x23f12870                lodepng_state_init
 .text.lodepng_state_cleanup
                0x23f12898       0x1c build/lcdc_rgba8888_mxt_9x60_wvga/debug/_ext/1881677221/lodepng.o
                0x23f12898                lodepng_state_cleanup
 .text.lodepng_decode_memory
                0x23f128b4       0x68 build/lcdc_rgba8888_mxt_9x60_wvga/debug/_ext/1881677221/lodepng.o
                0x23f128b4                lodepng_decode_memory
 .text.stage_sourceIterateSetup
                0x23f1291c       0xb4 build/lcdc_rgba8888_mxt_9x60_wvga/debug/_ext/1881678756/legato_imagedecoder_raw_setup.o
 .text.stage_targetIterateSetup
                0x23f129d0       0x94 build/lcdc_rgba8888_mxt_9x60_wvga/debug/_ext/1881678756/legato_imagedecoder_raw_setup.o
 .text._leRawImageDecoder_SourceIterateSetupStage
                0x23f12a64       0x38 build/lcdc_rgba8888_mxt_9x60_wvga/debug/_ext/1881678756/legato_imagedecoder_raw_setup.o
                0x23f12a64                _leRawImageDecoder_SourceIterateSetupStage
 .text._leRawImageDecoder_TargetIterateSetupStage
                0x23f12a9c       0x38 build/lcdc_rgba8888_mxt_9x60_wvga/debug/_ext/1881678756/legato_imagedecoder_raw_setup.o
                0x23f12a9c                _leRawImageDecoder_TargetIterateSetupStage
 .text.stage_postRead
                0x23f12ad4       0x14 build/lcdc_rgba8888_mxt_9x60_wvga/debug/_ext/1881678756/legato_imagedecoder_raw_scale.o
 .text.stage_scaledNearestNeighborPreRead
                0x23f12ae8       0xc4 build/lcdc_rgba8888_mxt_9x60_wvga/debug/_ext/1881678756/legato_imagedecoder_raw_scale.o
 .text.stage_bilinearPreRead
                0x23f12bac      0x164 build/lcdc_rgba8888_mxt_9x60_wvga/debug/_ext/1881678756/legato_imagedecoder_raw_scale.o
 .text.stage_scaledBilinearPostRead
                0x23f12d10       0x8c build/lcdc_rgba8888_mxt_9x60_wvga/debug/_ext/1881678756/legato_imagedecoder_raw_scale.o
 .text._leRawImageDecoder_ScaleNearestNeighborPreReadStage
                0x23f12d9c       0x6c build/lcdc_rgba8888_mxt_9x60_wvga/debug/_ext/1881678756/legato_imagedecoder_raw_scale.o
                0x23f12d9c                _leRawImageDecoder_ScaleNearestNeighborPreReadStage
 .text._leRawImageDecoder_ScaleBilinearPreReadStage
                0x23f12e08       0x74 build/lcdc_rgba8888_mxt_9x60_wvga/debug/_ext/1881678756/legato_imagedecoder_raw_scale.o
                0x23f12e08                _leRawImageDecoder_ScaleBilinearPreReadStage
 .text._leRawImageDecoder_PostReadStage
                0x23f12e7c       0x30 build/lcdc_rgba8888_mxt_9x60_wvga/debug/_ext/1881678756/legato_imagedecoder_raw_scale.o
                0x23f12e7c                _leRawImageDecoder_PostReadStage
 .text._leRawImageDecoder_ScaleBilinearPostReadStage
                0x23f12eac       0x30 build/lcdc_rgba8888_mxt_9x60_wvga/debug/_ext/1881678756/legato_imagedecoder_raw_scale.o
                0x23f12eac                _leRawImageDecoder_ScaleBilinearPostReadStage
 .text.stage_rejectMaskedColor
                0x23f12edc       0x24 build/lcdc_rgba8888_mxt_9x60_wvga/debug/_ext/1881678756/legato_imagedecoder_raw_mask.o
 .text._leRawImageDecoder_MaskStage_Internal
                0x23f12f00       0x2c build/lcdc_rgba8888_mxt_9x60_wvga/debug/_ext/1881678756/legato_imagedecoder_raw_mask.o
                0x23f12f00                _leRawImageDecoder_MaskStage_Internal
 .text.stage_convertColor
                0x23f12f2c       0x2c build/lcdc_rgba8888_mxt_9x60_wvga/debug/_ext/1881678756/legato_imagedecoder_raw_convert.o
 .text._leRawImageDecoder_ConvertStage
                0x23f12f58       0x90 build/lcdc_rgba8888_mxt_9x60_wvga/debug/_ext/1881678756/legato_imagedecoder_raw_convert.o
                0x23f12f58                _leRawImageDecoder_ConvertStage
 .text.stage_decode
                0x23f12fe8       0x74 build/lcdc_rgba8888_mxt_9x60_wvga/debug/_ext/1881678756/legato_imagedecoder_raw_read_internal.o
 .text.rleRandomDecode
                0x23f1305c       0x54 build/lcdc_rgba8888_mxt_9x60_wvga/debug/_ext/1881678756/legato_imagedecoder_raw_read_internal.o
 .text.rleSequentialDecode
                0x23f130b0       0x48 build/lcdc_rgba8888_mxt_9x60_wvga/debug/_ext/1881678756/legato_imagedecoder_raw_read_internal.o
 .text.colorDecode
                0x23f130f8       0x34 build/lcdc_rgba8888_mxt_9x60_wvga/debug/_ext/1881678756/legato_imagedecoder_raw_read_internal.o
 .text.indexRLERandomDecode
                0x23f1312c       0x80 build/lcdc_rgba8888_mxt_9x60_wvga/debug/_ext/1881678756/legato_imagedecoder_raw_read_internal.o
 .text.indexRLESequentialDecode
                0x23f131ac       0x74 build/lcdc_rgba8888_mxt_9x60_wvga/debug/_ext/1881678756/legato_imagedecoder_raw_read_internal.o
 .text.indexDecode
                0x23f13220       0x30 build/lcdc_rgba8888_mxt_9x60_wvga/debug/_ext/1881678756/legato_imagedecoder_raw_read_internal.o
 .text._leRawImageDecoder_ReadStage_Internal
                0x23f13250      0x100 build/lcdc_rgba8888_mxt_9x60_wvga/debug/_ext/1881678756/legato_imagedecoder_raw_read_internal.o
                0x23f13250                _leRawImageDecoder_ReadStage_Internal
 .text.stage_FrameBufferWrite
                0x23f13350       0x24 build/lcdc_rgba8888_mxt_9x60_wvga/debug/_ext/1881678756/legato_imagedecoder_raw_write.o
 .text.stage_ImageWrite
                0x23f13374       0x28 build/lcdc_rgba8888_mxt_9x60_wvga/debug/_ext/1881678756/legato_imagedecoder_raw_write.o
 .text._leRawImageDecoder_FrameBufferWriteStage
                0x23f1339c       0x30 build/lcdc_rgba8888_mxt_9x60_wvga/debug/_ext/1881678756/legato_imagedecoder_raw_write.o
                0x23f1339c                _leRawImageDecoder_FrameBufferWriteStage
 .text._leRawImageDecoder_ImageWriteStage
                0x23f133cc       0x30 build/lcdc_rgba8888_mxt_9x60_wvga/debug/_ext/1881678756/legato_imagedecoder_raw_write.o
                0x23f133cc                _leRawImageDecoder_ImageWriteStage
 .text.stage_BlendRGBA5551
                0x23f133fc       0x1c build/lcdc_rgba8888_mxt_9x60_wvga/debug/_ext/1881678756/legato_imagedecoder_raw_blend.o
 .text.stage_BlendARGB8888
                0x23f13418       0x70 build/lcdc_rgba8888_mxt_9x60_wvga/debug/_ext/1881678756/legato_imagedecoder_raw_blend.o
 .text.stage_BlendRGBA8888
                0x23f13488       0x70 build/lcdc_rgba8888_mxt_9x60_wvga/debug/_ext/1881678756/legato_imagedecoder_raw_blend.o
 .text._leRawImageDecoder_BlendStage_Internal
                0x23f134f8       0xa0 build/lcdc_rgba8888_mxt_9x60_wvga/debug/_ext/1881678756/legato_imagedecoder_raw_blend.o
                0x23f134f8                _leRawImageDecoder_BlendStage_Internal
 .text.stage_imageRenderPostLookup
                0x23f13598       0x48 build/lcdc_rgba8888_mxt_9x60_wvga/debug/_ext/1881678756/legato_imagedecoder_raw_palette_internal.o
 .text.stage_lookup
                0x23f135e0       0x40 build/lcdc_rgba8888_mxt_9x60_wvga/debug/_ext/1881678756/legato_imagedecoder_raw_palette_internal.o
 .text._leRawImageDecoder_LookupStage_Internal
                0x23f13620       0x50 build/lcdc_rgba8888_mxt_9x60_wvga/debug/_ext/1881678756/legato_imagedecoder_raw_palette_internal.o
                0x23f13620                _leRawImageDecoder_LookupStage_Internal
 .text._leRawImageDecoder_ImageRenderPostLookupStage
                0x23f13670       0x38 build/lcdc_rgba8888_mxt_9x60_wvga/debug/_ext/1881678756/legato_imagedecoder_raw_palette_internal.o
                0x23f13670                _leRawImageDecoder_ImageRenderPostLookupStage
 .text._supportsImage
                0x23f136a8       0x14 build/lcdc_rgba8888_mxt_9x60_wvga/debug/_ext/1881678756/legato_imagedecoder_raw.o
 .text._decoderCleanup
                0x23f136bc       0x64 build/lcdc_rgba8888_mxt_9x60_wvga/debug/_ext/1881678756/legato_imagedecoder_raw.o
 .text._decoderExec
                0x23f13720       0x84 build/lcdc_rgba8888_mxt_9x60_wvga/debug/_ext/1881678756/legato_imagedecoder_raw.o
 .text._decoderIsDone
                0x23f137a4       0x10 build/lcdc_rgba8888_mxt_9x60_wvga/debug/_ext/1881678756/legato_imagedecoder_raw.o
 .text._initReadStage
                0x23f137b4       0x1c build/lcdc_rgba8888_mxt_9x60_wvga/debug/_ext/1881678756/legato_imagedecoder_raw.o
 .text._initMaskStage
                0x23f137d0       0x24 build/lcdc_rgba8888_mxt_9x60_wvga/debug/_ext/1881678756/legato_imagedecoder_raw.o
 .text._initBlendStage
                0x23f137f4       0x44 build/lcdc_rgba8888_mxt_9x60_wvga/debug/_ext/1881678756/legato_imagedecoder_raw.o
 .text._initConvertStage
                0x23f13838       0x4c build/lcdc_rgba8888_mxt_9x60_wvga/debug/_ext/1881678756/legato_imagedecoder_raw.o
 .text._rotateDraw
                0x23f13884      0x2b0 build/lcdc_rgba8888_mxt_9x60_wvga/debug/_ext/1881678756/legato_imagedecoder_raw.o
 .text._rotate  0x23f13b34      0x2f4 build/lcdc_rgba8888_mxt_9x60_wvga/debug/_ext/1881678756/legato_imagedecoder_raw.o
 .text._resizeDraw
                0x23f13e28      0x294 build/lcdc_rgba8888_mxt_9x60_wvga/debug/_ext/1881678756/legato_imagedecoder_raw.o
 .text._resize  0x23f140bc      0x238 build/lcdc_rgba8888_mxt_9x60_wvga/debug/_ext/1881678756/legato_imagedecoder_raw.o
 .text._copy    0x23f142f4      0x1b8 build/lcdc_rgba8888_mxt_9x60_wvga/debug/_ext/1881678756/legato_imagedecoder_raw.o
 .text._initLookupStage
                0x23f144ac       0x4c build/lcdc_rgba8888_mxt_9x60_wvga/debug/_ext/1881678756/legato_imagedecoder_raw.o
 .text._render  0x23f144f8      0x260 build/lcdc_rgba8888_mxt_9x60_wvga/debug/_ext/1881678756/legato_imagedecoder_raw.o
 .text._draw    0x23f14758      0x2f4 build/lcdc_rgba8888_mxt_9x60_wvga/debug/_ext/1881678756/legato_imagedecoder_raw.o
 .text._leRawImageDecoder_Init
                0x23f14a4c       0xa8 build/lcdc_rgba8888_mxt_9x60_wvga/debug/_ext/1881678756/legato_imagedecoder_raw.o
                0x23f14a4c                _leRawImageDecoder_Init
 .text._leRawImageDecoder_InjectStage
                0x23f14af4       0x38 build/lcdc_rgba8888_mxt_9x60_wvga/debug/_ext/1881678756/legato_imagedecoder_raw.o
                0x23f14af4                _leRawImageDecoder_InjectStage
 .text.stage_rotateNearestNeighborPreRead
                0x23f14b2c      0x120 build/lcdc_rgba8888_mxt_9x60_wvga/debug/_ext/1881678756/legato_imagedecoder_raw_rotate.o
 .text.stage_bilinearPreRead
                0x23f14c4c      0x20c build/lcdc_rgba8888_mxt_9x60_wvga/debug/_ext/1881678756/legato_imagedecoder_raw_rotate.o
 .text.stage_rotateBilinearPostRead
                0x23f14e58       0x60 build/lcdc_rgba8888_mxt_9x60_wvga/debug/_ext/1881678756/legato_imagedecoder_raw_rotate.o
 .text._leRawImageDecoder_RotateNearestNeighborPreReadStage
                0x23f14eb8       0x30 build/lcdc_rgba8888_mxt_9x60_wvga/debug/_ext/1881678756/legato_imagedecoder_raw_rotate.o
                0x23f14eb8                _leRawImageDecoder_RotateNearestNeighborPreReadStage
 .text._leRawImageDecoder_RotateBilinearPreReadStage
                0x23f14ee8       0x38 build/lcdc_rgba8888_mxt_9x60_wvga/debug/_ext/1881678756/legato_imagedecoder_raw_rotate.o
                0x23f14ee8                _leRawImageDecoder_RotateBilinearPreReadStage
 .text._leRawImageDecoder_RotateBilinearPostReadStage
                0x23f14f20       0x30 build/lcdc_rgba8888_mxt_9x60_wvga/debug/_ext/1881678756/legato_imagedecoder_raw_rotate.o
                0x23f14f20                _leRawImageDecoder_RotateBilinearPostReadStage
 .text.getDiscreteValueAtIndex1
                0x23f14f50       0x18 build/lcdc_rgba8888_mxt_9x60_wvga/debug/_ext/927452043/legato_image_utils.o
 .text.getDiscreteValueAtIndex4
                0x23f14f68       0x10 build/lcdc_rgba8888_mxt_9x60_wvga/debug/_ext/927452043/legato_image_utils.o
 .text.getDiscreteValueAtIndex8
                0x23f14f78        0x8 build/lcdc_rgba8888_mxt_9x60_wvga/debug/_ext/927452043/legato_image_utils.o
 .text.calcOffset1bpp
                0x23f14f80        0x8 build/lcdc_rgba8888_mxt_9x60_wvga/debug/_ext/927452043/legato_image_utils.o
 .text.calcOffset4bpp
                0x23f14f88        0x8 build/lcdc_rgba8888_mxt_9x60_wvga/debug/_ext/927452043/legato_image_utils.o
 .text.calcOffset8bpp
                0x23f14f90        0x4 build/lcdc_rgba8888_mxt_9x60_wvga/debug/_ext/927452043/legato_image_utils.o
 .text.calcOffset16bpp
                0x23f14f94        0x8 build/lcdc_rgba8888_mxt_9x60_wvga/debug/_ext/927452043/legato_image_utils.o
 .text.calcOffset24bpp
                0x23f14f9c        0x8 build/lcdc_rgba8888_mxt_9x60_wvga/debug/_ext/927452043/legato_image_utils.o
 .text.calcOffset32bpp
                0x23f14fa4        0x8 build/lcdc_rgba8888_mxt_9x60_wvga/debug/_ext/927452043/legato_image_utils.o
 .text.leGetRLEDataAtIndex
                0x23f14fac       0xd8 build/lcdc_rgba8888_mxt_9x60_wvga/debug/_ext/927452043/legato_image_utils.o
                0x23f14fac                leGetRLEDataAtIndex
 .text.leGetDiscreteValueAtIndex
                0x23f15084       0x18 build/lcdc_rgba8888_mxt_9x60_wvga/debug/_ext/927452043/legato_image_utils.o
                0x23f15084                leGetDiscreteValueAtIndex
 .text.leGetOffsetFromIndexAndBPP
                0x23f1509c       0x18 build/lcdc_rgba8888_mxt_9x60_wvga/debug/_ext/927452043/legato_image_utils.o
                0x23f1509c                leGetOffsetFromIndexAndBPP
 .text.leImage_InitDecoders
                0x23f150b4       0x30 build/lcdc_rgba8888_mxt_9x60_wvga/debug/_ext/927452043/legato_image.o
                0x23f150b4                leImage_InitDecoders
 .text.leImage_Create
                0x23f150e4       0x94 build/lcdc_rgba8888_mxt_9x60_wvga/debug/_ext/927452043/legato_image.o
                0x23f150e4                leImage_Create
 .text.leImage_Allocate
                0x23f15178       0xb4 build/lcdc_rgba8888_mxt_9x60_wvga/debug/_ext/927452043/legato_image.o
                0x23f15178                leImage_Allocate
 .text.leImage_Draw
                0x23f1522c       0xd4 build/lcdc_rgba8888_mxt_9x60_wvga/debug/_ext/927452043/legato_image.o
                0x23f1522c                leImage_Draw
 .text._fixedHeapAlloc
                0x23f15300       0x60 build/lcdc_rgba8888_mxt_9x60_wvga/debug/_ext/1206263599/legato_memory.o
 .text._findFixedHeapForPointer
                0x23f15360       0x5c build/lcdc_rgba8888_mxt_9x60_wvga/debug/_ext/1206263599/legato_memory.o
 .text.leMemory_Init
                0x23f153bc       0xb0 build/lcdc_rgba8888_mxt_9x60_wvga/debug/_ext/1206263599/legato_memory.o
                0x23f153bc                leMemory_Init
 .text.leMalloc
                0x23f1546c       0x28 build/lcdc_rgba8888_mxt_9x60_wvga/debug/_ext/1206263599/legato_memory.o
                0x23f1546c                leMalloc
 .text.leFree   0x23f15494       0x6c build/lcdc_rgba8888_mxt_9x60_wvga/debug/_ext/1206263599/legato_memory.o
                0x23f15494                leFree
 .text.leRealloc